<html>
<body>
<pre>
<h1>µVision Build Log</h1>
<h2>Project:</h2>
D:\C_Fireware\Concentrator\B_TimeArea\AreaOnOffTime\MDK-ARM\Project.uvproj
Project File Date:  08/27/2015

<h2>Output:</h2>
Rebuild target 'HeatMeterAutoRead'
compiling main.cpp...
compiling tasks.cpp...
compiling tasks1.cpp...
compiling tasks2.cpp...
..\USER\uCos_App\tasks\src\tasks2.cpp(34): warning:  #177-D: variable "TaskMbusShortCTimerStk" was declared but never referenced
compiling tasks4.cpp...
..\USER\uCos_App\tasks\src\tasks4.cpp(157): warning:  #177-D: variable "i" was declared but never referenced
compiling tasks3.cpp...
compiling task_uart_shell.c...
compiling meter.c...
..\USER\uCos_App\app_down\src\meter.c(609): warning:  #177-D: variable "cp" was declared but never referenced
..\USER\uCos_App\app_down\src\meter.c(714): warning:  #177-D: variable "lu8DataIn" was declared but never referenced
..\USER\uCos_App\app_down\src\meter.c(715): warning:  #177-D: variable "DataFrame" was declared but never referenced
..\USER\uCos_App\app_down\src\meter.c(716): warning:  #177-D: variable "DataLen_Vave" was declared but never referenced
..\USER\uCos_App\app_down\src\meter.c(718): warning:  #177-D: variable "p_ReadVavleTime" was declared but never referenced
..\USER\uCos_App\app_down\src\meter.c(719): warning:  #177-D: variable "cpu_sr" was declared but never referenced
..\USER\uCos_App\app_down\src\meter.c(894): warning:  #177-D: variable "i" was declared but never referenced
..\USER\uCos_App\app_down\src\meter.c(909): warning:  #177-D: variable "cpu_sr" was declared but never referenced
..\USER\uCos_App\app_down\src\meter.c(1135): warning:  #177-D: variable "i" was declared but never referenced
..\USER\uCos_App\app_down\src\meter.c(1137): warning:  #177-D: variable "RetryTimes" was declared but never referenced
..\USER\uCos_App\app_down\src\meter.c(1138): warning:  #177-D: variable "DataLen" was declared but never referenced
..\USER\uCos_App\app_down\src\meter.c(1139): warning:  #177-D: variable "DataBuf" was declared but never referenced
..\USER\uCos_App\app_down\src\meter.c(2171): warning:  #186-D: pointless comparison of unsigned integer with zero
..\USER\uCos_App\app_down\src\meter.c(2654): warning:  #550-D: variable "err" was set but never used
..\USER\uCos_App\app_down\src\meter.c(2660): warning:  #550-D: variable "u8LenPerVar" was set but never used
..\USER\uCos_App\app_down\src\meter.c(2664): warning:  #177-D: variable "u32TotlHeatValue" was declared but never referenced
..\USER\uCos_App\app_down\src\meter.c(3059): warning:  #177-D: variable "i" was declared but never referenced
compiling Meter_Table.c...
compiling timingpro.c...
..\USER\uCos_App\app_down\src\timingpro.c(504): warning:  #177-D: variable "Res_data" was declared but never referenced
..\USER\uCos_App\app_down\src\timingpro.c(817): warning:  #177-D: variable "Res" was declared but never referenced
compiling uart0pro.c...
compiling heat_cost_meter.c...
compiling ModBus.c...
compiling Valve.c...
compiling StoreManage.c...
..\USER\uCos_App\app_flashmem\src\StoreManage.c(601): warning:  #177-D: variable "cpu_sr" was declared but never referenced
compiling BaseProtocol.cpp...
compiling StructProtocol.c...
compiling tasks_up.cpp...
compiling ReadMeterData.cpp...
..\USER\uCos_App\Protocol-Zigbee\src\ReadMeterData.cpp(1927): warning:  #177-D: variable "cpu_sr" was declared but never referenced
compiling ZigbeeProtocol.cpp...
compiling TermControl.cpp...
..\USER\uCos_App\Protocol-Zigbee\src\TermControl.cpp(568): warning:  #177-D: variable "Err" was declared but never referenced
..\USER\uCos_App\Protocol-Zigbee\src\TermControl.cpp(25): warning:  #550-D: variable "gu16TotalPacket" was set but never used
compiling DateTime.c...
compiling publicfunc.c...
compiling SysLog.c...
..\USER\uCos_App\SysLog\src\SysLog.c(210): warning:  #177-D: variable "i" was declared but never referenced
..\USER\uCos_App\SysLog\src\SysLog.c(210): warning:  #177-D: variable "j" was declared but never referenced
..\USER\uCos_App\SysLog\src\SysLog.c(212): warning:  #177-D: variable "cpu_sr" was declared but never referenced
..\USER\uCos_App\SysLog\src\SysLog.c(213): warning:  #177-D: variable "LogData" was declared but never referenced
..\USER\uCos_App\SysLog\src\SysLog.c(214): warning:  #177-D: variable "BufLen" was declared but never referenced
..\USER\uCos_App\SysLog\src\SysLog.c(215): warning:  #177-D: variable "CirTimes" was declared but never referenced
..\USER\uCos_App\SysLog\src\SysLog.c(215): warning:  #177-D: variable "Residual" was declared but never referenced
..\USER\uCos_App\SysLog\src\SysLog.c(219): warning:  #177-D: variable "MBUSLogPath" was declared but never referenced
..\USER\uCos_App\SysLog\src\SysLog.c(220): warning:  #177-D: variable "HexSystemTime" was declared but never referenced
..\USER\uCos_App\SysLog\src\SysLog.c(224): warning:  #177-D: variable "ERRLOGMBUSFile" was declared but never referenced
..\USER\uCos_App\SysLog\src\SysLog.c(17): warning:  #550-D: variable "LOG_Flag_Level" was set but never used
compiling InterfaceFuns.cpp...
compiling Lcd_Menu.cpp...
..\USER\uCos_App\app_lcm\src\Lcd_Menu.cpp(753): warning:  #177-D: variable "i" was declared but never referenced
..\USER\uCos_App\app_lcm\src\Lcd_Menu.cpp(803): warning:  #177-D: variable "cpu_sr" was declared but never referenced
..\USER\uCos_App\app_lcm\src\Lcd_Menu.cpp(4293): warning:  #177-D: variable "Err" was declared but never referenced
..\USER\uCos_App\app_lcm\src\Lcd_Menu.cpp(4676): warning:  #177-D: variable "Err" was declared but never referenced
..\USER\uCos_App\app_lcm\src\Lcd_Menu.cpp(4706): warning:  #550-D: variable "line" was set but never used
..\USER\uCos_App\app_lcm\src\Lcd_Menu.cpp(4706): warning:  #550-D: variable "column" was set but never used
..\USER\uCos_App\app_lcm\src\Lcd_Menu.cpp(4710): warning:  #177-D: variable "lu16ReadCmpNum" was declared but never referenced
..\USER\uCos_App\app_lcm\src\Lcd_Menu.cpp(4714): warning:  #177-D: variable "cpu_sr" was declared but never referenced
..\USER\uCos_App\app_lcm\src\Lcd_Menu.cpp(5113): warning:  #550-D: variable "Res" was set but never used
..\USER\uCos_App\app_lcm\src\Lcd_Menu.cpp(5239): warning:  #550-D: variable "Res" was set but never used
..\USER\uCos_App\app_lcm\src\Lcd_Menu.cpp(5406): warning:  #177-D: variable "TermPara" was declared but never referenced
..\USER\uCos_App\app_lcm\src\Lcd_Menu.cpp(5557): warning:  #177-D: variable "j" was declared but never referenced
..\USER\uCos_App\app_lcm\src\Lcd_Menu.cpp(5644): warning:  #177-D: variable "cpu_sr" was declared but never referenced
..\USER\uCos_App\app_lcm\src\Lcd_Menu.cpp(6096): warning:  #177-D: variable "cpu_sr" was declared but never referenced
..\USER\uCos_App\app_lcm\src\Lcd_Menu.cpp(6536): warning:  #177-D: variable "cpu_sr" was declared but never referenced
..\USER\uCos_App\app_lcm\src\Lcd_Menu.cpp(7264): warning:  #186-D: pointless comparison of unsigned integer with zero
..\USER\uCos_App\app_lcm\src\Lcd_Menu.cpp(6978): warning:  #177-D: variable "cpu_sr" was declared but never referenced
..\USER\uCos_App\app_lcm\src\Lcd_Menu.cpp(6983): warning:  #550-D: variable "tempData" was set but never used
..\USER\uCos_App\app_lcm\src\Lcd_Menu.cpp(9319): warning:  #111-D: statement is unreachable
..\USER\uCos_App\app_lcm\src\Lcd_Menu.cpp(9339): warning:  #177-D: variable "sdtestwritOK" was declared but never referenced
..\USER\uCos_App\app_lcm\src\Lcd_Menu.cpp(9457): warning:  #550-D: variable "line1" was set but never used
..\USER\uCos_App\app_lcm\src\Lcd_Menu.cpp(9457): warning:  #550-D: variable "line2" was set but never used
..\USER\uCos_App\app_lcm\src\Lcd_Menu.cpp(9458): warning:  #550-D: variable "column1" was set but never used
..\USER\uCos_App\app_lcm\src\Lcd_Menu.cpp(9458): warning:  #550-D: variable "column2" was set but never used
..\USER\uCos_App\app_lcm\src\Lcd_Menu.cpp(9459): warning:  #550-D: variable "j" was set but never used
..\USER\uCos_App\app_lcm\src\Lcd_Menu.cpp(9466): warning:  #550-D: variable "MaxTabNum" was set but never used
..\USER\uCos_App\app_lcm\src\Lcd_Menu.cpp(10092): warning:  #550-D: variable "len" was set but never used
..\USER\uCos_App\app_lcm\src\Lcd_Menu.cpp(10938): warning:  #177-D: variable "sdtestwriterr" was declared but never referenced
..\USER\uCos_App\app_lcm\src\Lcd_Menu.cpp(10939): warning:  #177-D: variable "timetesterr" was declared but never referenced
..\USER\uCos_App\app_lcm\src\Lcd_Menu.cpp(10940): warning:  #177-D: variable "timetestOK" was declared but never referenced
..\USER\uCos_App\app_lcm\src\Lcd_Menu.cpp(10941): warning:  #177-D: variable "sdtestreaderr" was declared but never referenced
..\USER\uCos_App\app_lcm\src\Lcd_Menu.cpp(10942): warning:  #177-D: variable "sdtestOK" was declared but never referenced
..\USER\uCos_App\app_lcm\src\Lcd_Menu.cpp(10943): warning:  #177-D: variable "GPRStesterr" was declared but never referenced
..\USER\uCos_App\app_lcm\src\Lcd_Menu.cpp(10944): warning:  #177-D: variable "GPRStestOK" was declared but never referenced
..\USER\uCos_App\app_lcm\src\Lcd_Menu.cpp(10948): warning:  #177-D: variable "DebugtestforportErro" was declared but never referenced
..\USER\uCos_App\app_lcm\src\Lcd_Menu.cpp(10953): warning:  #177-D: variable "MBUStestforportErro" was declared but never referenced
..\USER\uCos_App\app_lcm\src\Lcd_Menu.cpp(10954): warning:  #177-D: variable "MBUStestforportBuff" was declared but never referenced
..\USER\uCos_App\app_lcm\src\Lcd_Menu.cpp(10958): warning:  #177-D: variable "GPRStestforportErro" was declared but never referenced
..\USER\uCos_App\app_lcm\src\Lcd_Menu.cpp(10963): warning:  #177-D: variable "ZigbeetestforportErro" was declared but never referenced
..\USER\uCos_App\app_lcm\src\Lcd_Menu.cpp(11031): warning:  #177-D: variable "sdtestwriterr" was declared but never referenced
..\USER\uCos_App\app_lcm\src\Lcd_Menu.cpp(11032): warning:  #177-D: variable "timetesterr" was declared but never referenced
..\USER\uCos_App\app_lcm\src\Lcd_Menu.cpp(11033): warning:  #177-D: variable "timetestOK" was declared but never referenced
..\USER\uCos_App\app_lcm\src\Lcd_Menu.cpp(11034): warning:  #177-D: variable "sdtestreaderr" was declared but never referenced
..\USER\uCos_App\app_lcm\src\Lcd_Menu.cpp(11035): warning:  #177-D: variable "sdtestOK" was declared but never referenced
..\USER\uCos_App\app_lcm\src\Lcd_Menu.cpp(11036): warning:  #177-D: variable "GPRStesterr" was declared but never referenced
..\USER\uCos_App\app_lcm\src\Lcd_Menu.cpp(11037): warning:  #177-D: variable "GPRStestOK" was declared but never referenced
..\USER\uCos_App\app_lcm\src\Lcd_Menu.cpp(11038): warning:  #177-D: variable "Debugtestforport0Command" was declared but never referenced
..\USER\uCos_App\app_lcm\src\Lcd_Menu.cpp(11039): warning:  #177-D: variable "DebugtestforportOK" was declared but never referenced
..\USER\uCos_App\app_lcm\src\Lcd_Menu.cpp(11041): warning:  #177-D: variable "DebugtestforportErro" was declared but never referenced
..\USER\uCos_App\app_lcm\src\Lcd_Menu.cpp(11043): warning:  #177-D: variable "MBUStestforport0Command" was declared but never referenced
..\USER\uCos_App\app_lcm\src\Lcd_Menu.cpp(11044): warning:  #177-D: variable "MBUStestforportOK" was declared but never referenced
..\USER\uCos_App\app_lcm\src\Lcd_Menu.cpp(11046): warning:  #177-D: variable "MBUStestforportErro" was declared but never referenced
..\USER\uCos_App\app_lcm\src\Lcd_Menu.cpp(11047): warning:  #177-D: variable "MBUStestforportBuff" was declared but never referenced
..\USER\uCos_App\app_lcm\src\Lcd_Menu.cpp(11048): warning:  #177-D: variable "GPRStestforport0Command" was declared but never referenced
..\USER\uCos_App\app_lcm\src\Lcd_Menu.cpp(11049): warning:  #177-D: variable "GPRStestforportOK" was declared but never referenced
..\USER\uCos_App\app_lcm\src\Lcd_Menu.cpp(11051): warning:  #177-D: variable "GPRStestforportErro" was declared but never referenced
..\USER\uCos_App\app_lcm\src\Lcd_Menu.cpp(11053): warning:  #177-D: variable "Zigbeetestforport0Command" was declared but never referenced
..\USER\uCos_App\app_lcm\src\Lcd_Menu.cpp(11054): warning:  #177-D: variable "ZigbeetestforportOK" was declared but never referenced
..\USER\uCos_App\app_lcm\src\Lcd_Menu.cpp(11056): warning:  #177-D: variable "ZigbeetestforportErro" was declared but never referenced
..\USER\uCos_App\app_lcm\src\Lcd_Menu.cpp(11058): warning:  #177-D: variable "RS485testforport0Command" was declared but never referenced
..\USER\uCos_App\app_lcm\src\Lcd_Menu.cpp(11059): warning:  #177-D: variable "RS485testforportOK" was declared but never referenced
..\USER\uCos_App\app_lcm\src\Lcd_Menu.cpp(11061): warning:  #177-D: variable "RS485testforportErro" was declared but never referenced
..\USER\uCos_App\app_lcm\src\Lcd_Menu.cpp(11070): warning:  #177-D: variable "RS485testforportBuff" was declared but never referenced
compiling fat_sd.c...
..\USER\uCos_App\Fat_SD\src\fat_sd.c(127): warning:  #550-D: variable "lcYesterdayPath" was set but never used
..\USER\uCos_App\Fat_SD\src\fat_sd.c(131): warning:  #550-D: variable "Res" was set but never used
..\USER\uCos_App\Fat_SD\src\fat_sd.c(463): warning:  #117-D: non-void function "MakeFile" should return a value
compiling misc.c...
compiling stm32f10x_flash.c...
compiling stm32f10x_gpio.c...
compiling stm32f10x_rcc.c...
compiling stm32f10x_adc.c...
compiling stm32f10x_bkp.c...
compiling stm32f10x_can.c...
compiling stm32f10x_cec.c...
compiling stm32f10x_crc.c...
compiling stm32f10x_dac.c...
compiling stm32f10x_dbgmcu.c...
compiling stm32f10x_dma.c...
compiling stm32f10x_exti.c...
compiling stm32f10x_fsmc.c...
compiling stm32f10x_i2c.c...
compiling stm32f10x_iwdg.c...
compiling stm32f10x_pwr.c...
compiling stm32f10x_rtc.c...
compiling stm32f10x_sdio.c...
compiling stm32f10x_spi.c...
compiling stm32f10x_tim.c...
compiling stm32f10x_usart.c...
compiling stm32f10x_wwdg.c...
compiling core_cm3.c...
compiling system_stm32f10x.c...
assembling cortexm3_macro.s...
assembling startup_stm32f10x_hd.s...
compiling OS_AppHooks.c...
compiling cpu_c.c...
assembling cpu_a.asm...
compiling os_core.c...
compiling os_flag.c...
compiling os_mbox.c...
compiling os_mem.c...
compiling os_mutex.c...
compiling os_q.c...
compiling os_sem.c...
compiling os_task.c...
compiling os_time.c...
compiling os_tmr.c...
compiling os_dbg.c...
compiling os_cpu_c.c...
assembling os_cpu_a.asm...
compiling ASCIICode.c...
compiling Bps_i2c.c...
compiling commap.c...
compiling gpioint.c...
compiling HZTable.c...
compiling lcmdrv.c...
compiling PictureCode.c...
compiling queue.c...
compiling rx8025.c...
compiling stm32f10x_it.c...
compiling TaskDog.c...
compiling Uart4.c...
compiling Uart5.c...
compiling Usart1.c...
compiling Usart2.c...
compiling bsp.c...
compiling SPI_MSD_Driver.c...
compiling gprs.c...
compiling Usart3.c...
compiling diskio.c...
compiling ff.c...
compiling syscall.c...
compiling ccsbcs.c...
compiling valve_binihi.c...
compiling valve_delu.c...
compiling valve_elsonic.c...
compiling valve_joyo.c...
compiling valve_lcarbo.c...
compiling valve_precise.c...
compiling valve_ADE.c...
linking...
Program Size: Code=178776 RO-data=40252 RW-data=6060 ZI-data=213112  
FromELF: creating hex file...
User command #1: C:\Keil\ARM\BIN40\fromelf.exe --bin  -o  ./Obj/Project.bin  ./Obj/Project.axf
".\Obj\Project.axf" - 0 Error(s), 102 Warning(s).
