<!doctype html public "-//w3c//dtd html 4.0 transitional//en">
<html><head>
<title>Static Call Graph - [.\Obj\Project.axf]</title></head>
<body><HR>
<H1>Static Call Graph for image .\Obj\Project.axf</H1><HR>
<BR><P>#&#060CALLGRAPH&#062# ARM Linker, 4.1 [Build 894]: Last Updated: Sat Nov 21 09:09:31 2015
<BR><P>
<H3>Maximum Stack Usage =       2904 bytes + Unknown(Functions without stacksize, Cycles, Untraceable Function Pointers)</H3><H3>
Call chain for Maximum Stack Depth:</H3>
TaskReadAllCur(void*) &rArr; READ_ReadAllMeters &rArr; READ_ReadOneMeter &rArr; VALVE_ReadMeterDataTiming &rArr; ValveContron &rArr; ValveContron_ADE &rArr; ADEValveCommunicate &rArr; METER_DataItem &rArr; METER_MeterCommunicate &rArr; LOG_WriteSysLog_Format &rArr; LOG_HandleEXTIBuf &rArr; SDSaveData &rArr;  die (Cycle)
<P>
<H3>
Functions with no stack information
</H3><UL>
 <LI><a href="#[3f2]">__WFI</a>
 <LI><a href="#[3f4]">__WFE</a>
 <LI><a href="#[3f5]">__SEV</a>
 <LI><a href="#[3f6]">__ISB</a>
 <LI><a href="#[3f7]">__DSB</a>
 <LI><a href="#[3f8]">__DMB</a>
 <LI><a href="#[3f9]">__SVC</a>
 <LI><a href="#[3fa]">__MRS_CONTROL</a>
 <LI><a href="#[3fb]">__MSR_CONTROL</a>
 <LI><a href="#[3fc]">__MRS_PSP</a>
 <LI><a href="#[3fd]">__MSR_PSP</a>
 <LI><a href="#[3fe]">__MRS_MSP</a>
 <LI><a href="#[3ff]">__MSR_MSP</a>
 <LI><a href="#[400]">__RESETPRIMASK</a>
 <LI><a href="#[401]">__SETPRIMASK</a>
 <LI><a href="#[402]">__READ_PRIMASK</a>
 <LI><a href="#[258]">__SETFAULTMASK</a>
 <LI><a href="#[403]">__RESETFAULTMASK</a>
 <LI><a href="#[404]">__READ_FAULTMASK</a>
 <LI><a href="#[405]">__BASEPRICONFIG</a>
 <LI><a href="#[406]">__GetBASEPRI</a>
 <LI><a href="#[407]">__REV_HalfWord</a>
 <LI><a href="#[408]">__REV_Word</a>
 <LI><a href="#[137]">__user_initial_stackheap</a>
 <LI><a href="#[3b1]">CPU_IntDis</a>
 <LI><a href="#[409]">CPU_IntEn</a>
 <LI><a href="#[40a]">CPU_SR_Save</a>
 <LI><a href="#[40b]">CPU_SR_Restore</a>
 <LI><a href="#[40c]">CPU_CntLeadZeros</a>
 <LI><a href="#[40d]">CPU_RevBits</a>
 <LI><a href="#[40e]">CPU_WaitForInt</a>
 <LI><a href="#[40f]">CPU_WaitForExcept</a>
 <LI><a href="#[1dc]">OS_CPU_SR_Save</a>
 <LI><a href="#[1dd]">OS_CPU_SR_Restore</a>
 <LI><a href="#[27a]">OSStartHighRdy</a>
 <LI><a href="#[296]">OSCtxSw</a>
 <LI><a href="#[268]">OSIntCtxSw</a>
 <LI><a href="#[4f]">PendSV_Handler</a>
</UL>
</UL>
<P>
<H3>
Mutually Recursive functions
</H3> <LI><a href="#[63]">ADC1_2_IRQHandler</a>&nbsp;&nbsp;&nbsp;&rArr;&nbsp;&nbsp;&nbsp;<a href="#[63]">ADC1_2_IRQHandler</a><BR>
 <LI><a href="#[193]">LOG_assert_failed</a>&nbsp;&nbsp;&nbsp;&rArr;&nbsp;&nbsp;&nbsp;<a href="#[204]">LOG_WriteSysLog_Format</a><BR>
 <LI><a href="#[1f7]">SDSaveData</a>&nbsp;&nbsp;&nbsp;&rArr;&nbsp;&nbsp;&nbsp;<a href="#[251]">die</a><BR>
 <LI><a href="#[1f1]">SDReadData</a>&nbsp;&nbsp;&nbsp;&rArr;&nbsp;&nbsp;&nbsp;<a href="#[251]">die</a><BR>
 <LI><a href="#[33f]">DecimalToBinary(int, unsigned char*)</a>&nbsp;&nbsp;&nbsp;&rArr;&nbsp;&nbsp;&nbsp;<a href="#[33f]">DecimalToBinary(int, unsigned char*)</a><BR>
</UL>
<P>
<H3>
Function Pointers
</H3><UL>
 <LI><a href="#[63]">ADC1_2_IRQHandler</a> from startup_stm32f10x_hd.o(.text) referenced from startup_stm32f10x_hd.o(RESET)
 <LI><a href="#[80]">ADC3_IRQHandler</a> from startup_stm32f10x_hd.o(.text) referenced from startup_stm32f10x_hd.o(RESET)
 <LI><a href="#[4b]">BusFault_Handler</a> from stm32f10x_it.o(i.BusFault_Handler) referenced from startup_stm32f10x_hd.o(RESET)
 <LI><a href="#[66]">CAN1_RX1_IRQHandler</a> from startup_stm32f10x_hd.o(.text) referenced from startup_stm32f10x_hd.o(RESET)
 <LI><a href="#[67]">CAN1_SCE_IRQHandler</a> from startup_stm32f10x_hd.o(.text) referenced from startup_stm32f10x_hd.o(RESET)
 <LI><a href="#[5c]">DMA1_Channel1_IRQHandler</a> from startup_stm32f10x_hd.o(.text) referenced from startup_stm32f10x_hd.o(RESET)
 <LI><a href="#[5d]">DMA1_Channel2_IRQHandler</a> from startup_stm32f10x_hd.o(.text) referenced from startup_stm32f10x_hd.o(RESET)
 <LI><a href="#[5e]">DMA1_Channel3_IRQHandler</a> from startup_stm32f10x_hd.o(.text) referenced from startup_stm32f10x_hd.o(RESET)
 <LI><a href="#[5f]">DMA1_Channel4_IRQHandler</a> from startup_stm32f10x_hd.o(.text) referenced from startup_stm32f10x_hd.o(RESET)
 <LI><a href="#[60]">DMA1_Channel5_IRQHandler</a> from startup_stm32f10x_hd.o(.text) referenced from startup_stm32f10x_hd.o(RESET)
 <LI><a href="#[61]">DMA1_Channel6_IRQHandler</a> from startup_stm32f10x_hd.o(.text) referenced from startup_stm32f10x_hd.o(RESET)
 <LI><a href="#[62]">DMA1_Channel7_IRQHandler</a> from startup_stm32f10x_hd.o(.text) referenced from startup_stm32f10x_hd.o(RESET)
 <LI><a href="#[89]">DMA2_Channel1_IRQHandler</a> from startup_stm32f10x_hd.o(.text) referenced from startup_stm32f10x_hd.o(RESET)
 <LI><a href="#[8a]">DMA2_Channel2_IRQHandler</a> from startup_stm32f10x_hd.o(.text) referenced from startup_stm32f10x_hd.o(RESET)
 <LI><a href="#[8b]">DMA2_Channel3_IRQHandler</a> from startup_stm32f10x_hd.o(.text) referenced from startup_stm32f10x_hd.o(RESET)
 <LI><a href="#[8c]">DMA2_Channel4_5_IRQHandler</a> from startup_stm32f10x_hd.o(.text) referenced from startup_stm32f10x_hd.o(RESET)
 <LI><a href="#[4e]">DebugMon_Handler</a> from stm32f10x_it.o(i.DebugMon_Handler) referenced from startup_stm32f10x_hd.o(RESET)
 <LI><a href="#[57]">EXTI0_IRQHandler</a> from gpioint.o(i.EXTI0_IRQHandler) referenced from startup_stm32f10x_hd.o(RESET)
 <LI><a href="#[79]">EXTI15_10_IRQHandler</a> from gpioint.o(i.EXTI15_10_IRQHandler) referenced from startup_stm32f10x_hd.o(RESET)
 <LI><a href="#[58]">EXTI1_IRQHandler</a> from gpioint.o(i.EXTI1_IRQHandler) referenced from startup_stm32f10x_hd.o(RESET)
 <LI><a href="#[59]">EXTI2_IRQHandler</a> from startup_stm32f10x_hd.o(.text) referenced from startup_stm32f10x_hd.o(RESET)
 <LI><a href="#[5a]">EXTI3_IRQHandler</a> from gpioint.o(i.EXTI3_IRQHandler) referenced from startup_stm32f10x_hd.o(RESET)
 <LI><a href="#[5b]">EXTI4_IRQHandler</a> from startup_stm32f10x_hd.o(.text) referenced from startup_stm32f10x_hd.o(RESET)
 <LI><a href="#[68]">EXTI9_5_IRQHandler</a> from gpioint.o(i.EXTI9_5_IRQHandler) referenced from startup_stm32f10x_hd.o(RESET)
 <LI><a href="#[55]">FLASH_IRQHandler</a> from startup_stm32f10x_hd.o(.text) referenced from startup_stm32f10x_hd.o(RESET)
 <LI><a href="#[81]">FSMC_IRQHandler</a> from startup_stm32f10x_hd.o(.text) referenced from startup_stm32f10x_hd.o(RESET)
 <LI><a href="#[49]">HardFault_Handler</a> from stm32f10x_it.o(i.HardFault_Handler) referenced from startup_stm32f10x_hd.o(RESET)
 <LI><a href="#[71]">I2C1_ER_IRQHandler</a> from startup_stm32f10x_hd.o(.text) referenced from startup_stm32f10x_hd.o(RESET)
 <LI><a href="#[70]">I2C1_EV_IRQHandler</a> from bps_i2c.o(i.I2C1_EV_IRQHandler) referenced from startup_stm32f10x_hd.o(RESET)
 <LI><a href="#[73]">I2C2_ER_IRQHandler</a> from startup_stm32f10x_hd.o(.text) referenced from startup_stm32f10x_hd.o(RESET)
 <LI><a href="#[72]">I2C2_EV_IRQHandler</a> from startup_stm32f10x_hd.o(.text) referenced from startup_stm32f10x_hd.o(RESET)
 <LI><a href="#[d]">METER_ComSet1</a> from bsp.o(i.METER_ComSet1) referenced 2 times from meter_table.o(.data)
 <LI><a href="#[e]">METER_ComSet2</a> from bsp.o(i.METER_ComSet2) referenced 2 times from meter_table.o(.data)
 <LI><a href="#[f]">METER_ComSet3</a> from bsp.o(i.METER_ComSet3) referenced 2 times from meter_table.o(.data)
 <LI><a href="#[10]">METER_ComSet4</a> from bsp.o(i.METER_ComSet4) referenced 2 times from meter_table.o(.data)
 <LI><a href="#[11]">METER_ComSet5</a> from bsp.o(i.METER_ComSet5) referenced 2 times from meter_table.o(.data)
 <LI><a href="#[12]">METER_ComSet6</a> from bsp.o(i.METER_ComSet6) referenced 2 times from meter_table.o(.data)
 <LI><a href="#[13]">METER_ComSet7</a> from bsp.o(i.METER_ComSet7) referenced 2 times from meter_table.o(.data)
 <LI><a href="#[4a]">MemManage_Handler</a> from stm32f10x_it.o(i.MemManage_Handler) referenced from startup_stm32f10x_hd.o(RESET)
 <LI><a href="#[48]">NMI_Handler</a> from stm32f10x_it.o(i.NMI_Handler) referenced from startup_stm32f10x_hd.o(RESET)
 <LI><a href="#[8f]">OSTaskSwHook</a> from os_cpu_c.o(i.OSTaskSwHook) referenced from os_cpu_a.o(.text)
 <LI><a href="#[95]">OSTmr_Task</a> from os_tmr.o(i.OSTmr_Task) referenced from os_tmr.o(i.OSTmr_InitTask)
 <LI><a href="#[96]">OS_TaskIdle</a> from os_core.o(i.OS_TaskIdle) referenced from os_core.o(i.OS_InitTaskIdle)
 <LI><a href="#[97]">OS_TaskStat</a> from os_core.o(i.OS_TaskStat) referenced from os_core.o(i.OS_InitTaskStat)
 <LI><a href="#[52]">PVD_IRQHandler</a> from startup_stm32f10x_hd.o(.text) referenced from startup_stm32f10x_hd.o(RESET)
 <LI><a href="#[4f]">PendSV_Handler</a> from os_cpu_a.o(.text) referenced from startup_stm32f10x_hd.o(RESET)
 <LI><a href="#[56]">RCC_IRQHandler</a> from startup_stm32f10x_hd.o(.text) referenced from startup_stm32f10x_hd.o(RESET)
 <LI><a href="#[7a]">RTCAlarm_IRQHandler</a> from startup_stm32f10x_hd.o(.text) referenced from startup_stm32f10x_hd.o(RESET)
 <LI><a href="#[54]">RTC_IRQHandler</a> from startup_stm32f10x_hd.o(.text) referenced from startup_stm32f10x_hd.o(RESET)
 <LI><a href="#[47]">Reset_Handler</a> from startup_stm32f10x_hd.o(.text) referenced from startup_stm32f10x_hd.o(RESET)
 <LI><a href="#[82]">SDIO_IRQHandler</a> from startup_stm32f10x_hd.o(.text) referenced from startup_stm32f10x_hd.o(RESET)
 <LI><a href="#[74]">SPI1_IRQHandler</a> from startup_stm32f10x_hd.o(.text) referenced from startup_stm32f10x_hd.o(RESET)
 <LI><a href="#[75]">SPI2_IRQHandler</a> from startup_stm32f10x_hd.o(.text) referenced from startup_stm32f10x_hd.o(RESET)
 <LI><a href="#[84]">SPI3_IRQHandler</a> from startup_stm32f10x_hd.o(.text) referenced from startup_stm32f10x_hd.o(RESET)
 <LI><a href="#[4d]">SVC_Handler</a> from stm32f10x_it.o(i.SVC_Handler) referenced from startup_stm32f10x_hd.o(RESET)
 <LI><a href="#[50]">SysTick_Handler</a> from stm32f10x_it.o(i.SysTick_Handler) referenced from startup_stm32f10x_hd.o(RESET)
 <LI><a href="#[8d]">SystemInit</a> from system_stm32f10x.o(i.SystemInit) referenced from startup_stm32f10x_hd.o(.text)
 <LI><a href="#[53]">TAMPER_IRQHandler</a> from startup_stm32f10x_hd.o(.text) referenced from startup_stm32f10x_hd.o(RESET)
 <LI><a href="#[69]">TIM1_BRK_IRQHandler</a> from startup_stm32f10x_hd.o(.text) referenced from startup_stm32f10x_hd.o(RESET)
 <LI><a href="#[6c]">TIM1_CC_IRQHandler</a> from startup_stm32f10x_hd.o(.text) referenced from startup_stm32f10x_hd.o(RESET)
 <LI><a href="#[6b]">TIM1_TRG_COM_IRQHandler</a> from startup_stm32f10x_hd.o(.text) referenced from startup_stm32f10x_hd.o(RESET)
 <LI><a href="#[6a]">TIM1_UP_IRQHandler</a> from startup_stm32f10x_hd.o(.text) referenced from startup_stm32f10x_hd.o(RESET)
 <LI><a href="#[6d]">TIM2_IRQHandler</a> from startup_stm32f10x_hd.o(.text) referenced from startup_stm32f10x_hd.o(RESET)
 <LI><a href="#[6e]">TIM3_IRQHandler</a> from startup_stm32f10x_hd.o(.text) referenced from startup_stm32f10x_hd.o(RESET)
 <LI><a href="#[6f]">TIM4_IRQHandler</a> from startup_stm32f10x_hd.o(.text) referenced from startup_stm32f10x_hd.o(RESET)
 <LI><a href="#[83]">TIM5_IRQHandler</a> from startup_stm32f10x_hd.o(.text) referenced from startup_stm32f10x_hd.o(RESET)
 <LI><a href="#[87]">TIM6_IRQHandler</a> from startup_stm32f10x_hd.o(.text) referenced from startup_stm32f10x_hd.o(RESET)
 <LI><a href="#[88]">TIM7_IRQHandler</a> from startup_stm32f10x_hd.o(.text) referenced from startup_stm32f10x_hd.o(RESET)
 <LI><a href="#[7c]">TIM8_BRK_IRQHandler</a> from startup_stm32f10x_hd.o(.text) referenced from startup_stm32f10x_hd.o(RESET)
 <LI><a href="#[7f]">TIM8_CC_IRQHandler</a> from startup_stm32f10x_hd.o(.text) referenced from startup_stm32f10x_hd.o(RESET)
 <LI><a href="#[7e]">TIM8_TRG_COM_IRQHandler</a> from startup_stm32f10x_hd.o(.text) referenced from startup_stm32f10x_hd.o(RESET)
 <LI><a href="#[7d]">TIM8_UP_IRQHandler</a> from startup_stm32f10x_hd.o(.text) referenced from startup_stm32f10x_hd.o(RESET)
 <LI><a href="#[b3]">TaskLog</a> from syslog.o(i.TaskLog) referenced from tasks2.o(i._Z12CreateTasks2v)
 <LI><a href="#[ac]">TaskUART4Rec</a> from uart4.o(i.TaskUART4Rec) referenced from tasks1.o(i._Z12CreateTasks1v)
 <LI><a href="#[ad]">TaskUART5Rec</a> from uart5.o(i.TaskUART5Rec) referenced from tasks1.o(i._Z12CreateTasks1v)
 <LI><a href="#[ab]">TaskUSART3Rec</a> from usart3.o(i.TaskUSART3Rec) referenced from tasks1.o(i._Z12CreateTasks1v)
 <LI><a href="#[aa]">TaskUsart1Rec</a> from usart1.o(i.TaskUsart1Rec) referenced from tasks1.o(i._Z12CreateTasks1v)
 <LI><a href="#[a9]">TaskUsart2Rec</a> from usart2.o(i.TaskUsart2Rec) referenced from tasks1.o(i._Z12CreateTasks1v)
 <LI><a href="#[b0]">Task_UartCmd</a> from task_uart_shell.o(i.Task_UartCmd) referenced from tasks1.o(i._Z12CreateTasks1v)
 <LI><a href="#[85]">UART4_IRQHandler</a> from uart4.o(i.UART4_IRQHandler) referenced from startup_stm32f10x_hd.o(RESET)
 <LI><a href="#[86]">UART5_IRQHandler</a> from uart5.o(i.UART5_IRQHandler) referenced from startup_stm32f10x_hd.o(RESET)
 <LI><a href="#[76]">USART1_IRQHandler</a> from usart1.o(i.USART1_IRQHandler) referenced from startup_stm32f10x_hd.o(RESET)
 <LI><a href="#[77]">USART2_IRQHandler</a> from usart2.o(i.USART2_IRQHandler) referenced from startup_stm32f10x_hd.o(RESET)
 <LI><a href="#[78]">USART3_IRQHandler</a> from usart3.o(i.USART3_IRQHandler) referenced from startup_stm32f10x_hd.o(RESET)
 <LI><a href="#[7b]">USBWakeUp_IRQHandler</a> from startup_stm32f10x_hd.o(.text) referenced from startup_stm32f10x_hd.o(RESET)
 <LI><a href="#[64]">USB_HP_CAN1_TX_IRQHandler</a> from startup_stm32f10x_hd.o(.text) referenced from startup_stm32f10x_hd.o(RESET)
 <LI><a href="#[65]">USB_LP_CAN1_RX0_IRQHandler</a> from startup_stm32f10x_hd.o(.text) referenced from startup_stm32f10x_hd.o(RESET)
 <LI><a href="#[99]">UartCmdCls</a> from fat_sd.o(i.UartCmdCls) referenced from task_uart_shell.o(i.UartCmdTable_Init)
 <LI><a href="#[a6]">UartCmdCp</a> from fat_sd.o(i.UartCmdCp) referenced from task_uart_shell.o(i.UartCmdTable_Init)
 <LI><a href="#[98]">UartCmdHelp</a> from fat_sd.o(i.UartCmdHelp) referenced from task_uart_shell.o(i.UartCmdTable_Init)
 <LI><a href="#[a5]">UartCmdReset</a> from fat_sd.o(i.UartCmdReset) referenced from task_uart_shell.o(i.UartCmdTable_Init)
 <LI><a href="#[a1]">UartCmdSDWrite</a> from fat_sd.o(i.UartCmdSDWrite) referenced from task_uart_shell.o(i.UartCmdTable_Init)
 <LI><a href="#[a4]">UartCmdSetDebugLevel</a> from fat_sd.o(i.UartCmdSetDebugLevel) referenced from task_uart_shell.o(i.UartCmdTable_Init)
 <LI><a href="#[a7]">UartCmdTest</a> from fat_sd.o(i.UartCmdTest) referenced from task_uart_shell.o(i.UartCmdTable_Init)
 <LI><a href="#[9f]">UartCmdcat</a> from fat_sd.o(i.UartCmdcat) referenced from task_uart_shell.o(i.UartCmdTable_Init)
 <LI><a href="#[9e]">UartCmdcd</a> from fat_sd.o(i.UartCmdcd) referenced from task_uart_shell.o(i.UartCmdTable_Init)
 <LI><a href="#[9a]">UartCmdls</a> from fat_sd.o(i.UartCmdls) referenced from task_uart_shell.o(i.UartCmdTable_Init)
 <LI><a href="#[a0]">UartCmdmkdir</a> from fat_sd.o(i.UartCmdmkdir) referenced from task_uart_shell.o(i.UartCmdTable_Init)
 <LI><a href="#[9c]">UartCmdmv</a> from fat_sd.o(i.UartCmdmv) referenced from task_uart_shell.o(i.UartCmdTable_Init)
 <LI><a href="#[a2]">UartCmdnew</a> from fat_sd.o(i.UartCmdnew) referenced from task_uart_shell.o(i.UartCmdTable_Init)
 <LI><a href="#[9d]">UartCmdpwd</a> from fat_sd.o(i.UartCmdpwd) referenced from task_uart_shell.o(i.UartCmdTable_Init)
 <LI><a href="#[9b]">UartCmdrm</a> from fat_sd.o(i.UartCmdrm) referenced from task_uart_shell.o(i.UartCmdTable_Init)
 <LI><a href="#[a3]">UartCmdtime</a> from fat_sd.o(i.UartCmdtime) referenced from task_uart_shell.o(i.UartCmdTable_Init)
 <LI><a href="#[a8]">UartSetChannel</a> from fat_sd.o(i.UartSetChannel) referenced from task_uart_shell.o(i.UartCmdTable_Init)
 <LI><a href="#[4c]">UsageFault_Handler</a> from stm32f10x_it.o(i.UsageFault_Handler) referenced from startup_stm32f10x_hd.o(RESET)
 <LI><a href="#[51]">WWDG_IRQHandler</a> from startup_stm32f10x_hd.o(.text) referenced from startup_stm32f10x_hd.o(RESET)
 <LI><a href="#[b9]">TaskLcmTop(void*)</a> from tasks4.o(i._Z10TaskLcmTopPv) referenced from tasks4.o(i._Z12CreateTasks4v)
 <LI><a href="#[bb]">TaskUpSend(void*)</a> from tasks_up.o(i._Z10TaskUpSendPv) referenced from tasks_up.o(i._Z14Createtasks_upv)
 <LI><a href="#[2a]">ResetSystem()</a> from lcd_menu.o(i._Z11ResetSystemv) referenced 2 times from lcd_menu.o(.data)
 <LI><a href="#[45]">SelectIPSet()</a> from lcd_menu.o(i._Z11SelectIPSetv) referenced 2 times from lcd_menu.o(.data)
 <LI><a href="#[b5]">TaskGprsIpd(void*)</a> from tasks3.o(i._Z11TaskGprsIpdPv) referenced from tasks3.o(i._Z12CreateTasks3v)
 <LI><a href="#[2b]">VerInfoShow()</a> from lcd_menu.o(i._Z11VerInfoShowv) referenced 2 times from lcd_menu.o(.data)
 <LI><a href="#[28]">ReadMeterNow()</a> from lcd_menu.o(i._Z12ReadMeterNowv) referenced 2 times from lcd_menu.o(.data)
 <LI><a href="#[44]">SelectAPNSet()</a> from lcd_menu.o(i._Z12SelectAPNSetv) referenced 2 times from lcd_menu.o(.data)
 <LI><a href="#[b6]">TaskGprsMana(void*)</a> from tasks3.o(i._Z12TaskGprsManaPv) referenced from tasks3.o(i._Z12CreateTasks3v)
 <LI><a href="#[c1]">TaskReportUp(void*)</a> from tasks_up.o(i._Z12TaskReportUpPv) referenced from tasks_up.o(i._Z14Createtasks_upv)
 <LI><a href="#[bc]">TaskUpAnalFr(void*)</a> from tasks_up.o(i._Z12TaskUpAnalFrPv) referenced from tasks_up.o(i._Z14Createtasks_upv)
 <LI><a href="#[c3]">App_TaskStart(void*)</a> from main.o(i._Z13App_TaskStartPv) referenced from main.o(i.main)
 <LI><a href="#[2e]">Set_IPAndPort()</a> from lcd_menu.o(i._Z13Set_IPAndPortv) referenced 2 times from lcd_menu.o(.data)
 <LI><a href="#[40]">ShowMeterFail()</a> from lcd_menu.o(i._Z13ShowMeterFailv) referenced 2 times from lcd_menu.o(.data)
 <LI><a href="#[41]">ShowValveFail()</a> from lcd_menu.o(i._Z13ShowValveFailv) referenced 2 times from lcd_menu.o(.data)
 <LI><a href="#[c0]">TaskUpRecGprs(void*)</a> from tasks_up.o(i._Z13TaskUpRecGprsPv) referenced from tasks_up.o(i._Z14Createtasks_upv)
 <LI><a href="#[2c]">LCDContrastSet()</a> from lcd_menu.o(i._Z14LCDContrastSetv) referenced 2 times from lcd_menu.o(.data)
 <LI><a href="#[3a]">ReadMeter_Demo()</a> from lcd_menu.o(i._Z14ReadMeter_Demov) referenced 2 times from lcd_menu.o(.data)
 <LI><a href="#[25]">Set_SystemAddr()</a> from lcd_menu.o(i._Z14Set_SystemAddrv) referenced 2 times from lcd_menu.o(.data)
 <LI><a href="#[24]">Set_SystemTime()</a> from lcd_menu.o(i._Z14Set_SystemTimev) referenced 2 times from lcd_menu.o(.data)
 <LI><a href="#[b4]">TaskMbusShortC(void*)</a> from tasks2.o(i._Z14TaskMbusShortCPv) referenced from tasks2.o(i._Z12CreateTasks2v)
 <LI><a href="#[b2]">TaskReadAllCur(void*)</a> from tasks2.o(i._Z14TaskReadAllCurPv) referenced from tasks2.o(i._Z12CreateTasks2v)
 <LI><a href="#[bf]">TaskUpRecRS232(void*)</a> from tasks_up.o(i._Z14TaskUpRecRS232Pv) referenced from tasks_up.o(i._Z14Createtasks_upv)
 <LI><a href="#[be]">TaskUpRecRS485(void*)</a> from tasks_up.o(i._Z14TaskUpRecRS485Pv) referenced from tasks_up.o(i._Z14Createtasks_upv)
 <LI><a href="#[31]">Chose_time_data()</a> from lcd_menu.o(i._Z15Chose_time_datav) referenced 2 times from lcd_menu.o(.data)
 <LI><a href="#[ba]">TaskGpioPolling(void*)</a> from tasks4.o(i._Z15TaskGpioPollingPv) referenced from tasks4.o(i._Z12CreateTasks4v)
 <LI><a href="#[bd]">TaskUpRecZigbee(void*)</a> from tasks_up.o(i._Z15TaskUpRecZigbeePv) referenced from tasks_up.o(i._Z14Createtasks_upv)
 <LI><a href="#[15]">Action_LcdMenu11()</a> from lcd_menu.o(i._Z16Action_LcdMenu11v) referenced 2 times from lcd_menu.o(.data)
 <LI><a href="#[16]">Action_LcdMenu12()</a> from lcd_menu.o(i._Z16Action_LcdMenu12v) referenced 2 times from lcd_menu.o(.data)
 <LI><a href="#[17]">Action_LcdMenu13()</a> from lcd_menu.o(i._Z16Action_LcdMenu13v) referenced 2 times from lcd_menu.o(.data)
 <LI><a href="#[2f]">Action_LcdMenu14()</a> from lcd_menu.o(i._Z16Action_LcdMenu14v) referenced 2 times from lcd_menu.o(.data)
 <LI><a href="#[30]">Action_LcdMenu15()</a> from lcd_menu.o(i._Z16Action_LcdMenu15v) referenced 2 times from lcd_menu.o(.data)
 <LI><a href="#[34]">Action_LcdMenu16()</a> from lcd_menu.o(i._Z16Action_LcdMenu16v) referenced 2 times from lcd_menu.o(.data)
 <LI><a href="#[3b]">Set_MeterParam_1()</a> from lcd_menu.o(i._Z16Set_MeterParam_1v) referenced 2 times from lcd_menu.o(.data)
 <LI><a href="#[3c]">Set_MeterParam_2()</a> from lcd_menu.o(i._Z16Set_MeterParam_2v) referenced 2 times from lcd_menu.o(.data)
 <LI><a href="#[3d]">Set_MeterParam_3()</a> from lcd_menu.o(i._Z16Set_MeterParam_3v) referenced 2 times from lcd_menu.o(.data)
 <LI><a href="#[33]">Display_Data_Menu()</a> from lcd_menu.o(i._Z17Display_Data_Menuv) referenced 2 times from lcd_menu.o(.data)
 <LI><a href="#[26]">Set_ReadMeterTime()</a> from lcd_menu.o(i._Z17Set_ReadMeterTimev) referenced 2 times from lcd_menu.o(.data)
 <LI><a href="#[3f]">Set_ReplenishPara()</a> from lcd_menu.o(i._Z17Set_ReplenishParav) referenced 2 times from lcd_menu.o(.data)
 <LI><a href="#[ae]">TaskI2cManagement(void*)</a> from tasks1.o(i._Z17TaskI2cManagementPv) referenced from tasks1.o(i._Z12CreateTasks1v)
 <LI><a href="#[27]">ReadMeterStateShow()</a> from lcd_menu.o(i._Z18ReadMeterStateShowv) referenced 2 times from lcd_menu.o(.data)
 <LI><a href="#[18]">Action_LcdMenu11_21()</a> from lcd_menu.o(i._Z19Action_LcdMenu11_21v) referenced 2 times from lcd_menu.o(.data)
 <LI><a href="#[19]">Action_LcdMenu11_22()</a> from lcd_menu.o(i._Z19Action_LcdMenu11_22v) referenced 2 times from lcd_menu.o(.data)
 <LI><a href="#[1a]">Action_LcdMenu11_23()</a> from lcd_menu.o(i._Z19Action_LcdMenu11_23v) referenced 2 times from lcd_menu.o(.data)
 <LI><a href="#[1b]">Action_LcdMenu11_24()</a> from lcd_menu.o(i._Z19Action_LcdMenu11_24v) referenced 2 times from lcd_menu.o(.data)
 <LI><a href="#[2d]">Action_LcdMenu11_25()</a> from lcd_menu.o(i._Z19Action_LcdMenu11_25v) referenced 2 times from lcd_menu.o(.data)
 <LI><a href="#[3e]">Action_LcdMenu11_26()</a> from lcd_menu.o(i._Z19Action_LcdMenu11_26v) referenced 2 times from lcd_menu.o(.data)
 <LI><a href="#[1c]">Action_LcdMenu12_21()</a> from lcd_menu.o(i._Z19Action_LcdMenu12_21v) referenced 2 times from lcd_menu.o(.data)
 <LI><a href="#[1d]">Action_LcdMenu12_22()</a> from lcd_menu.o(i._Z19Action_LcdMenu12_22v) referenced 2 times from lcd_menu.o(.data)
 <LI><a href="#[1e]">Action_LcdMenu12_23()</a> from lcd_menu.o(i._Z19Action_LcdMenu12_23v) referenced 2 times from lcd_menu.o(.data)
 <LI><a href="#[1f]">Action_LcdMenu12_24()</a> from lcd_menu.o(i._Z19Action_LcdMenu12_24v) referenced 2 times from lcd_menu.o(.data)
 <LI><a href="#[20]">Action_LcdMenu13_21()</a> from lcd_menu.o(i._Z19Action_LcdMenu13_21v) referenced 2 times from lcd_menu.o(.data)
 <LI><a href="#[21]">Action_LcdMenu13_22()</a> from lcd_menu.o(i._Z19Action_LcdMenu13_22v) referenced 2 times from lcd_menu.o(.data)
 <LI><a href="#[22]">Action_LcdMenu13_23()</a> from lcd_menu.o(i._Z19Action_LcdMenu13_23v) referenced 2 times from lcd_menu.o(.data)
 <LI><a href="#[35]">Action_LcdMenu16_21()</a> from lcd_menu.o(i._Z19Action_LcdMenu16_21v) referenced 2 times from lcd_menu.o(.data)
 <LI><a href="#[36]">Action_LcdMenu16_22()</a> from lcd_menu.o(i._Z19Action_LcdMenu16_22v) referenced 2 times from lcd_menu.o(.data)
 <LI><a href="#[32]">Chose_metric_method()</a> from lcd_menu.o(i._Z19Chose_metric_methodv) referenced 2 times from lcd_menu.o(.data)
 <LI><a href="#[42]">InquiryMeterFailInfo()</a> from lcd_menu.o(i._Z20InquiryMeterFailInfov) referenced 2 times from lcd_menu.o(.data)
 <LI><a href="#[43]">InquiryValveFailInfo()</a> from lcd_menu.o(i._Z20InquiryValveFailInfov) referenced 2 times from lcd_menu.o(.data)
 <LI><a href="#[29]">SlectReadMeterChannel()</a> from lcd_menu.o(i._Z21SlectReadMeterChannelv) referenced 2 times from lcd_menu.o(.data)
 <LI><a href="#[c2]">__default_new_handler()</a> from arm_newhandler_noexceptions.o(.text) referenced from new.o(i._Znwj)
 <LI><a href="#[37]">Action_LcdMenu16_21_31()</a> from lcd_menu.o(i._Z22Action_LcdMenu16_21_31v) referenced 2 times from lcd_menu.o(.data)
 <LI><a href="#[38]">Action_LcdMenu16_21_32()</a> from lcd_menu.o(i._Z22Action_LcdMenu16_21_32v) referenced 2 times from lcd_menu.o(.data)
 <LI><a href="#[39]">Action_LcdMenu16_21_33()</a> from lcd_menu.o(i._Z22Action_LcdMenu16_21_33v) referenced 2 times from lcd_menu.o(.data)
 <LI><a href="#[af]">Task_DownUartManagement(void*)</a> from tasks1.o(i._Z23Task_DownUartManagementPv) referenced from tasks1.o(i._Z12CreateTasks1v)
 <LI><a href="#[94]">__default_terminate_handler()</a> from arm_exceptions_globs.o(.text) referenced from arm_exceptions_globs.o(.text)
 <LI><a href="#[46]">APNSet()</a> from lcd_menu.o(i._Z6APNSetv) referenced 2 times from lcd_menu.o(.data)
 <LI><a href="#[b7]">TaskKey(void*)</a> from tasks4.o(i._Z7TaskKeyPv) referenced from tasks4.o(i._Z12CreateTasks4v)
 <LI><a href="#[b8]">TaskLcm(void*)</a> from tasks4.o(i._Z7TaskLcmPv) referenced from tasks4.o(i._Z12CreateTasks4v)
 <LI><a href="#[14]">MainMenu()</a> from lcd_menu.o(i._Z8MainMenuv) referenced 8 times from lcd_menu.o(.data)
 <LI><a href="#[b1]">TaskClock(void*)</a> from tasks2.o(i._Z9TaskClockPv) referenced from tasks2.o(i._Z12CreateTasks2v)
 <LI><a href="#[23]">ZigbeeSet()</a> from lcd_menu.o(i._Z9ZigbeeSetv) referenced 2 times from lcd_menu.o(.data)
 <LI><a href="#[c5]">_Protocol::CreateFrame(unsigned char*, unsigned char*, unsigned short&)</a> from zigbeeprotocol.o(i._ZN9_Protocol11CreateFrameEPhS0_Rt) referenced from zigbeeprotocol.o(.constdata__ZTV9_Protocol)
 <LI><a href="#[c7]">_Protocol::ReceiveFrame(unsigned char*, unsigned short&)</a> from zigbeeprotocol.o(i._ZN9_Protocol12ReceiveFrameEPhRt) referenced from zigbeeprotocol.o(.constdata__ZTV9_Protocol)
 <LI><a href="#[c8]">_Protocol::AnalysisFrame(unsigned char*, unsigned short&)</a> from zigbeeprotocol.o(i._ZN9_Protocol13AnalysisFrameEPhRt) referenced from zigbeeprotocol.o(.constdata__ZTV9_Protocol)
 <LI><a href="#[c6]">_Protocol::CreateHeartFrm(unsigned char*, unsigned char)</a> from zigbeeprotocol.o(i._ZN9_Protocol14CreateHeartFrmEPhh) referenced from zigbeeprotocol.o(.constdata__ZTV9_Protocol)
 <LI><a href="#[c4]">__cxa_pure_virtual</a> from pure_virt.o(i.__cxa_pure_virtual) referenced 5 times from tasks_up.o(.constdata__ZTV12BaseProtocol)
 <LI><a href="#[c9]">__main</a> from __main.o(!!!main) referenced from startup_stm32f10x_hd.o(.text)
 <LI><a href="#[93]">_get_lc_ctype</a> from lc_ctype_c.o(locale$$code) referenced from rt_ctype_table.o(.text)
 <LI><a href="#[92]">_printf_input_char</a> from _printf_char_common.o(.text) referenced from _printf_char_common.o(.text)
 <LI><a href="#[91]">_snputc</a> from _snputc.o(.text) referenced from c89vsnprintf.o(.text)
 <LI><a href="#[90]">_sputc</a> from _sputc.o(.text) referenced 2 times from c89vsprintf.o(.text)
</UL>
<P>
<H3>
Global Symbols
</H3>
<P><STRONG><a name="[c9]"></a>__main</STRONG> (Thumb, 8 bytes, Stack size 0 bytes, __main.o(!!!main))
<BR><BR>[Calls]<UL><LI><a href="#[cb]">&gt;&gt;</a>&nbsp;&nbsp;&nbsp;__rt_entry
<LI><a href="#[ca]">&gt;&gt;</a>&nbsp;&nbsp;&nbsp;__scatterload
</UL>

<P><STRONG><a name="[ca]"></a>__scatterload</STRONG> (Thumb, 0 bytes, Stack size unknown bytes, __scatter.o(!!!scatter))
<BR><BR>[Called By]<UL><LI><a href="#[c9]">&gt;&gt;</a>&nbsp;&nbsp;&nbsp;__main
</UL>

<P><STRONG><a name="[cc]"></a>__scatterload_rt2</STRONG> (Thumb, 44 bytes, Stack size unknown bytes, __scatter.o(!!!scatter), UNUSED)
<BR><BR>[Calls]<UL><LI><a href="#[cb]">&gt;&gt;</a>&nbsp;&nbsp;&nbsp;__rt_entry
</UL>

<P><STRONG><a name="[3cc]"></a>__scatterload_rt2_thumb_only</STRONG> (Thumb, 0 bytes, Stack size unknown bytes, __scatter.o(!!!scatter), UNUSED)

<P><STRONG><a name="[3cd]"></a>__scatterload_null</STRONG> (Thumb, 0 bytes, Stack size unknown bytes, __scatter.o(!!!scatter), UNUSED)

<P><STRONG><a name="[3ce]"></a>__decompress</STRONG> (Thumb, 100 bytes, Stack size unknown bytes, __dclz77c.o(!!dclz77c), UNUSED)

<P><STRONG><a name="[3cf]"></a>__decompress2</STRONG> (Thumb, 0 bytes, Stack size unknown bytes, __dclz77c.o(!!dclz77c), UNUSED)

<P><STRONG><a name="[cd]"></a>__scatterload_copy</STRONG> (Thumb, 26 bytes, Stack size unknown bytes, __scatter_copy.o(!!handler_copy), UNUSED)
<BR><BR>[Calls]<UL><LI><a href="#[cd]">&gt;&gt;</a>&nbsp;&nbsp;&nbsp;__scatterload_copy
</UL>
<BR>[Called By]<UL><LI><a href="#[cd]">&gt;&gt;</a>&nbsp;&nbsp;&nbsp;__scatterload_copy
</UL>

<P><STRONG><a name="[3d0]"></a>__scatterload_zeroinit</STRONG> (Thumb, 28 bytes, Stack size unknown bytes, __scatter_zi.o(!!handler_zi), UNUSED)

<P><STRONG><a name="[ce]"></a>_printf_n</STRONG> (Thumb, 0 bytes, Stack size unknown bytes, _printf_n.o(.ARM.Collect$$_printf_percent$$00000001))
<BR><BR>[Calls]<UL><LI><a href="#[cf]">&gt;&gt;</a>&nbsp;&nbsp;&nbsp;_printf_charcount
</UL>

<P><STRONG><a name="[10d]"></a>_printf_percent</STRONG> (Thumb, 0 bytes, Stack size unknown bytes, _printf_percent.o(.ARM.Collect$$_printf_percent$$00000000))
<BR><BR>[Called By]<UL><LI><a href="#[10b]">&gt;&gt;</a>&nbsp;&nbsp;&nbsp;__printf
</UL>

<P><STRONG><a name="[d0]"></a>_printf_p</STRONG> (Thumb, 0 bytes, Stack size unknown bytes, _printf_p.o(.ARM.Collect$$_printf_percent$$00000002))
<BR><BR>[Stack]<UL><LI>Max Depth = 64 + Unknown Stack Size
<LI>Call Chain = _printf_p &rArr; _printf_hex_ptr &rArr; _printf_longlong_hex &rArr; _printf_int_common &rArr; _printf_post_padding
</UL>
<BR>[Calls]<UL><LI><a href="#[d1]">&gt;&gt;</a>&nbsp;&nbsp;&nbsp;_printf_hex_ptr
</UL>

<P><STRONG><a name="[d2]"></a>_printf_f</STRONG> (Thumb, 0 bytes, Stack size unknown bytes, _printf_f.o(.ARM.Collect$$_printf_percent$$00000003))
<BR><BR>[Stack]<UL><LI>Max Depth = 320 + Unknown Stack Size
<LI>Call Chain = _printf_f &rArr; _printf_fp_dec &rArr; _printf_fp_dec_real &rArr; _fp_digits &rArr; _btod_etento &rArr; _btod_emul &rArr; _e2e
</UL>
<BR>[Calls]<UL><LI><a href="#[d3]">&gt;&gt;</a>&nbsp;&nbsp;&nbsp;_printf_fp_dec
</UL>

<P><STRONG><a name="[d4]"></a>_printf_e</STRONG> (Thumb, 0 bytes, Stack size unknown bytes, _printf_e.o(.ARM.Collect$$_printf_percent$$00000004))
<BR><BR>[Stack]<UL><LI>Max Depth = 320 + Unknown Stack Size
<LI>Call Chain = _printf_e &rArr; _printf_fp_dec &rArr; _printf_fp_dec_real &rArr; _fp_digits &rArr; _btod_etento &rArr; _btod_emul &rArr; _e2e
</UL>
<BR>[Calls]<UL><LI><a href="#[d3]">&gt;&gt;</a>&nbsp;&nbsp;&nbsp;_printf_fp_dec
</UL>

<P><STRONG><a name="[d5]"></a>_printf_g</STRONG> (Thumb, 0 bytes, Stack size unknown bytes, _printf_g.o(.ARM.Collect$$_printf_percent$$00000005))
<BR><BR>[Stack]<UL><LI>Max Depth = 320 + Unknown Stack Size
<LI>Call Chain = _printf_g &rArr; _printf_fp_dec &rArr; _printf_fp_dec_real &rArr; _fp_digits &rArr; _btod_etento &rArr; _btod_emul &rArr; _e2e
</UL>
<BR>[Calls]<UL><LI><a href="#[d3]">&gt;&gt;</a>&nbsp;&nbsp;&nbsp;_printf_fp_dec
</UL>

<P><STRONG><a name="[3d1]"></a>_printf_a</STRONG> (Thumb, 0 bytes, Stack size unknown bytes, _printf_a.o(.ARM.Collect$$_printf_percent$$00000006))

<P><STRONG><a name="[3d2]"></a>_printf_ll</STRONG> (Thumb, 0 bytes, Stack size unknown bytes, _printf_ll.o(.ARM.Collect$$_printf_percent$$00000007))

<P><STRONG><a name="[d6]"></a>_printf_i</STRONG> (Thumb, 0 bytes, Stack size unknown bytes, _printf_i.o(.ARM.Collect$$_printf_percent$$00000008))
<BR><BR>[Stack]<UL><LI>Max Depth = 72 + Unknown Stack Size
<LI>Call Chain = _printf_i &rArr; _printf_int_dec &rArr; _printf_int_common &rArr; _printf_post_padding
</UL>
<BR>[Calls]<UL><LI><a href="#[d7]">&gt;&gt;</a>&nbsp;&nbsp;&nbsp;_printf_int_dec
</UL>

<P><STRONG><a name="[d8]"></a>_printf_d</STRONG> (Thumb, 0 bytes, Stack size unknown bytes, _printf_d.o(.ARM.Collect$$_printf_percent$$00000009))
<BR><BR>[Stack]<UL><LI>Max Depth = 72 + Unknown Stack Size
<LI>Call Chain = _printf_d &rArr; _printf_int_dec &rArr; _printf_int_common &rArr; _printf_post_padding
</UL>
<BR>[Calls]<UL><LI><a href="#[d7]">&gt;&gt;</a>&nbsp;&nbsp;&nbsp;_printf_int_dec
</UL>

<P><STRONG><a name="[d9]"></a>_printf_u</STRONG> (Thumb, 0 bytes, Stack size unknown bytes, _printf_u.o(.ARM.Collect$$_printf_percent$$0000000A))
<BR><BR>[Stack]<UL><LI>Max Depth = 72 + Unknown Stack Size
<LI>Call Chain = _printf_u &rArr; _printf_int_dec &rArr; _printf_int_common &rArr; _printf_post_padding
</UL>
<BR>[Calls]<UL><LI><a href="#[d7]">&gt;&gt;</a>&nbsp;&nbsp;&nbsp;_printf_int_dec
</UL>

<P><STRONG><a name="[da]"></a>_printf_o</STRONG> (Thumb, 0 bytes, Stack size unknown bytes, _printf_o.o(.ARM.Collect$$_printf_percent$$0000000B))
<BR><BR>[Stack]<UL><LI>Max Depth = 64 + Unknown Stack Size
<LI>Call Chain = _printf_o &rArr; _printf_int_oct &rArr; _printf_longlong_oct &rArr; _printf_int_common &rArr; _printf_post_padding
</UL>
<BR>[Calls]<UL><LI><a href="#[db]">&gt;&gt;</a>&nbsp;&nbsp;&nbsp;_printf_int_oct
</UL>

<P><STRONG><a name="[dc]"></a>_printf_x</STRONG> (Thumb, 0 bytes, Stack size unknown bytes, _printf_x.o(.ARM.Collect$$_printf_percent$$0000000C))
<BR><BR>[Stack]<UL><LI>Max Depth = 80 + Unknown Stack Size
<LI>Call Chain = _printf_x &rArr; _printf_int_hex &rArr; _printf_longlong_hex &rArr; _printf_int_common &rArr; _printf_post_padding
</UL>
<BR>[Calls]<UL><LI><a href="#[dd]">&gt;&gt;</a>&nbsp;&nbsp;&nbsp;_printf_int_hex
</UL>

<P><STRONG><a name="[de]"></a>_printf_lli</STRONG> (Thumb, 0 bytes, Stack size unknown bytes, _printf_lli.o(.ARM.Collect$$_printf_percent$$0000000D))
<BR><BR>[Stack]<UL><LI>Max Depth = 72 + Unknown Stack Size
<LI>Call Chain = _printf_lli &rArr; _printf_longlong_dec &rArr; _printf_int_common &rArr; _printf_post_padding
</UL>
<BR>[Calls]<UL><LI><a href="#[df]">&gt;&gt;</a>&nbsp;&nbsp;&nbsp;_printf_longlong_dec
</UL>

<P><STRONG><a name="[e0]"></a>_printf_lld</STRONG> (Thumb, 0 bytes, Stack size unknown bytes, _printf_lld.o(.ARM.Collect$$_printf_percent$$0000000E))
<BR><BR>[Stack]<UL><LI>Max Depth = 72 + Unknown Stack Size
<LI>Call Chain = _printf_lld &rArr; _printf_longlong_dec &rArr; _printf_int_common &rArr; _printf_post_padding
</UL>
<BR>[Calls]<UL><LI><a href="#[df]">&gt;&gt;</a>&nbsp;&nbsp;&nbsp;_printf_longlong_dec
</UL>

<P><STRONG><a name="[e1]"></a>_printf_llu</STRONG> (Thumb, 0 bytes, Stack size unknown bytes, _printf_llu.o(.ARM.Collect$$_printf_percent$$0000000F))
<BR><BR>[Stack]<UL><LI>Max Depth = 72 + Unknown Stack Size
<LI>Call Chain = _printf_llu &rArr; _printf_longlong_dec &rArr; _printf_int_common &rArr; _printf_post_padding
</UL>
<BR>[Calls]<UL><LI><a href="#[df]">&gt;&gt;</a>&nbsp;&nbsp;&nbsp;_printf_longlong_dec
</UL>

<P><STRONG><a name="[e2]"></a>_printf_llo</STRONG> (Thumb, 0 bytes, Stack size unknown bytes, _printf_llo.o(.ARM.Collect$$_printf_percent$$00000010))
<BR><BR>[Stack]<UL><LI>Max Depth = 56 + Unknown Stack Size
<LI>Call Chain = _printf_llo &rArr; _printf_ll_oct &rArr; _printf_longlong_oct &rArr; _printf_int_common &rArr; _printf_post_padding
</UL>
<BR>[Calls]<UL><LI><a href="#[e3]">&gt;&gt;</a>&nbsp;&nbsp;&nbsp;_printf_ll_oct
</UL>

<P><STRONG><a name="[e4]"></a>_printf_llx</STRONG> (Thumb, 0 bytes, Stack size unknown bytes, _printf_llx.o(.ARM.Collect$$_printf_percent$$00000011))
<BR><BR>[Stack]<UL><LI>Max Depth = 64 + Unknown Stack Size
<LI>Call Chain = _printf_llx &rArr; _printf_ll_hex &rArr; _printf_longlong_hex &rArr; _printf_int_common &rArr; _printf_post_padding
</UL>
<BR>[Calls]<UL><LI><a href="#[e5]">&gt;&gt;</a>&nbsp;&nbsp;&nbsp;_printf_ll_hex
</UL>

<P><STRONG><a name="[3d3]"></a>_printf_l</STRONG> (Thumb, 0 bytes, Stack size unknown bytes, _printf_l.o(.ARM.Collect$$_printf_percent$$00000012))

<P><STRONG><a name="[e6]"></a>_printf_c</STRONG> (Thumb, 0 bytes, Stack size unknown bytes, _printf_c.o(.ARM.Collect$$_printf_percent$$00000013))
<BR><BR>[Stack]<UL><LI>Max Depth = 40 + Unknown Stack Size
<LI>Call Chain = _printf_c &rArr; _printf_char &rArr; _printf_cs_common &rArr; _printf_str &rArr; _printf_post_padding
</UL>
<BR>[Calls]<UL><LI><a href="#[e7]">&gt;&gt;</a>&nbsp;&nbsp;&nbsp;_printf_char
</UL>

<P><STRONG><a name="[e8]"></a>_printf_s</STRONG> (Thumb, 0 bytes, Stack size unknown bytes, _printf_s.o(.ARM.Collect$$_printf_percent$$00000014))
<BR><BR>[Stack]<UL><LI>Max Depth = 40 + Unknown Stack Size
<LI>Call Chain = _printf_s &rArr; _printf_string &rArr; _printf_cs_common &rArr; _printf_str &rArr; _printf_post_padding
</UL>
<BR>[Calls]<UL><LI><a href="#[e9]">&gt;&gt;</a>&nbsp;&nbsp;&nbsp;_printf_string
</UL>

<P><STRONG><a name="[ea]"></a>_printf_lc</STRONG> (Thumb, 0 bytes, Stack size unknown bytes, _printf_lc.o(.ARM.Collect$$_printf_percent$$00000015))
<BR><BR>[Stack]<UL><LI>Max Depth = 88 + Unknown Stack Size
<LI>Call Chain = _printf_lc &rArr; _printf_wchar &rArr; _printf_lcs_common &rArr; _printf_wctomb &rArr; _wcrtomb &rArr; __rt_ctype_table
</UL>
<BR>[Calls]<UL><LI><a href="#[eb]">&gt;&gt;</a>&nbsp;&nbsp;&nbsp;_printf_wchar
</UL>

<P><STRONG><a name="[ec]"></a>_printf_ls</STRONG> (Thumb, 0 bytes, Stack size unknown bytes, _printf_ls.o(.ARM.Collect$$_printf_percent$$00000016))
<BR><BR>[Stack]<UL><LI>Max Depth = 88 + Unknown Stack Size
<LI>Call Chain = _printf_ls &rArr; _printf_wstring &rArr; _printf_lcs_common &rArr; _printf_wctomb &rArr; _wcrtomb &rArr; __rt_ctype_table
</UL>
<BR>[Calls]<UL><LI><a href="#[ed]">&gt;&gt;</a>&nbsp;&nbsp;&nbsp;_printf_wstring
</UL>

<P><STRONG><a name="[3d4]"></a>_printf_percent_end</STRONG> (Thumb, 0 bytes, Stack size unknown bytes, _printf_percent_end.o(.ARM.Collect$$_printf_percent$$00000017))

<P><STRONG><a name="[ee]"></a>__rt_lib_init</STRONG> (Thumb, 0 bytes, Stack size unknown bytes, libinit.o(.ARM.Collect$$libinit$$00000000))
<BR><BR>[Stack]<UL><LI>Max Depth = 8 + Unknown Stack Size
<LI>Call Chain = __rt_lib_init &rArr; _fp_init
</UL>
<BR>[Calls]<UL><LI><a href="#[ef]">&gt;&gt;</a>&nbsp;&nbsp;&nbsp;_fp_init
</UL>
<BR>[Called By]<UL><LI><a href="#[f9]">&gt;&gt;</a>&nbsp;&nbsp;&nbsp;__rt_entry_li
</UL>

<P><STRONG><a name="[f0]"></a>__rt_lib_init_heap_2</STRONG> (Thumb, 0 bytes, Stack size unknown bytes, libinit2.o(.ARM.Collect$$libinit$$00000001))
<BR><BR>[Stack]<UL><LI>Max Depth = 64 + Unknown Stack Size
<LI>Call Chain = __rt_lib_init_heap_2 &rArr; _init_alloc &rArr; __rt_SIGRTMEM &rArr; __rt_SIGRTMEM_inner &rArr; __default_signal_display &rArr; _ttywrch
</UL>
<BR>[Calls]<UL><LI><a href="#[f1]">&gt;&gt;</a>&nbsp;&nbsp;&nbsp;_init_alloc
</UL>

<P><STRONG><a name="[3d5]"></a>__rt_lib_init_heap_1</STRONG> (Thumb, 0 bytes, Stack size unknown bytes, libinit2.o(.ARM.Collect$$libinit$$00000006))

<P><STRONG><a name="[f2]"></a>__rt_lib_init_lc_common</STRONG> (Thumb, 0 bytes, Stack size unknown bytes, libinit2.o(.ARM.Collect$$libinit$$0000000B))
<BR><BR>[Calls]<UL><LI><a href="#[f3]">&gt;&gt;</a>&nbsp;&nbsp;&nbsp;__rt_locale
</UL>

<P><STRONG><a name="[3d6]"></a>__rt_lib_init_rand_1</STRONG> (Thumb, 0 bytes, Stack size unknown bytes, libinit2.o(.ARM.Collect$$libinit$$0000000A))

<P><STRONG><a name="[3d7]"></a>__rt_lib_init_user_alloc_1</STRONG> (Thumb, 0 bytes, Stack size unknown bytes, libinit2.o(.ARM.Collect$$libinit$$00000008))

<P><STRONG><a name="[3d8]"></a>__rt_lib_init_lc_collate_1</STRONG> (Thumb, 0 bytes, Stack size unknown bytes, libinit2.o(.ARM.Collect$$libinit$$0000000D))

<P><STRONG><a name="[f4]"></a>__rt_lib_init_lc_ctype_2</STRONG> (Thumb, 0 bytes, Stack size unknown bytes, libinit2.o(.ARM.Collect$$libinit$$0000000E))
<BR><BR>[Stack]<UL><LI>Max Depth = 8 + Unknown Stack Size
<LI>Call Chain = __rt_lib_init_lc_ctype_2 &rArr; _get_lc_ctype
</UL>
<BR>[Calls]<UL><LI><a href="#[93]">&gt;&gt;</a>&nbsp;&nbsp;&nbsp;_get_lc_ctype
</UL>

<P><STRONG><a name="[3d9]"></a>__rt_lib_init_lc_ctype_1</STRONG> (Thumb, 0 bytes, Stack size unknown bytes, libinit2.o(.ARM.Collect$$libinit$$0000000F))

<P><STRONG><a name="[3da]"></a>__rt_lib_init_lc_monetary_1</STRONG> (Thumb, 0 bytes, Stack size unknown bytes, libinit2.o(.ARM.Collect$$libinit$$00000011))

<P><STRONG><a name="[f5]"></a>__rt_lib_init_lc_numeric_2</STRONG> (Thumb, 0 bytes, Stack size unknown bytes, libinit2.o(.ARM.Collect$$libinit$$00000012))
<BR><BR>[Stack]<UL><LI>Max Depth = 8 + Unknown Stack Size
<LI>Call Chain = __rt_lib_init_lc_numeric_2 &rArr; _get_lc_numeric
</UL>
<BR>[Calls]<UL><LI><a href="#[f6]">&gt;&gt;</a>&nbsp;&nbsp;&nbsp;_get_lc_numeric
</UL>

<P><STRONG><a name="[3db]"></a>__rt_lib_init_alloca_1</STRONG> (Thumb, 0 bytes, Stack size unknown bytes, libinit2.o(.ARM.Collect$$libinit$$0000002A))

<P><STRONG><a name="[3dc]"></a>__rt_lib_init_argv_1</STRONG> (Thumb, 0 bytes, Stack size unknown bytes, libinit2.o(.ARM.Collect$$libinit$$00000028))

<P><STRONG><a name="[3dd]"></a>__rt_lib_init_atexit_1</STRONG> (Thumb, 0 bytes, Stack size unknown bytes, libinit2.o(.ARM.Collect$$libinit$$00000017))

<P><STRONG><a name="[3de]"></a>__rt_lib_init_clock_1</STRONG> (Thumb, 0 bytes, Stack size unknown bytes, libinit2.o(.ARM.Collect$$libinit$$0000001D))

<P><STRONG><a name="[3df]"></a>__rt_lib_init_cpp_1</STRONG> (Thumb, 0 bytes, Stack size unknown bytes, libinit2.o(.ARM.Collect$$libinit$$0000002E))

<P><STRONG><a name="[3e0]"></a>__rt_lib_init_exceptions_1</STRONG> (Thumb, 0 bytes, Stack size unknown bytes, libinit2.o(.ARM.Collect$$libinit$$0000002C))

<P><STRONG><a name="[3e1]"></a>__rt_lib_init_fp_trap_1</STRONG> (Thumb, 0 bytes, Stack size unknown bytes, libinit2.o(.ARM.Collect$$libinit$$0000001B))

<P><STRONG><a name="[3e2]"></a>__rt_lib_init_getenv_1</STRONG> (Thumb, 0 bytes, Stack size unknown bytes, libinit2.o(.ARM.Collect$$libinit$$0000001F))

<P><STRONG><a name="[3e3]"></a>__rt_lib_init_lc_numeric_1</STRONG> (Thumb, 0 bytes, Stack size unknown bytes, libinit2.o(.ARM.Collect$$libinit$$00000013))

<P><STRONG><a name="[3e4]"></a>__rt_lib_init_lc_time_1</STRONG> (Thumb, 0 bytes, Stack size unknown bytes, libinit2.o(.ARM.Collect$$libinit$$00000015))

<P><STRONG><a name="[3e5]"></a>__rt_lib_init_return</STRONG> (Thumb, 0 bytes, Stack size unknown bytes, libinit2.o(.ARM.Collect$$libinit$$0000002F))

<P><STRONG><a name="[3e6]"></a>__rt_lib_init_signal_1</STRONG> (Thumb, 0 bytes, Stack size unknown bytes, libinit2.o(.ARM.Collect$$libinit$$00000019))

<P><STRONG><a name="[3e7]"></a>__rt_lib_init_stdio_1</STRONG> (Thumb, 0 bytes, Stack size unknown bytes, libinit2.o(.ARM.Collect$$libinit$$00000021))

<P><STRONG><a name="[fe]"></a>__rt_lib_shutdown</STRONG> (Thumb, 0 bytes, Stack size unknown bytes, libshutdown.o(.ARM.Collect$$libshutdown$$00000000))
<BR><BR>[Called By]<UL><LI><a href="#[fd]">&gt;&gt;</a>&nbsp;&nbsp;&nbsp;__rt_exit_ls
<LI><a href="#[135]">&gt;&gt;</a>&nbsp;&nbsp;&nbsp;abort
</UL>

<P><STRONG><a name="[3e8]"></a>__rt_lib_shutdown_fp_trap_1</STRONG> (Thumb, 0 bytes, Stack size unknown bytes, libshutdown2.o(.ARM.Collect$$libshutdown$$00000006))

<P><STRONG><a name="[3e9]"></a>__rt_lib_shutdown_heap_1</STRONG> (Thumb, 0 bytes, Stack size unknown bytes, libshutdown2.o(.ARM.Collect$$libshutdown$$0000000E))

<P><STRONG><a name="[3ea]"></a>__rt_lib_shutdown_return</STRONG> (Thumb, 0 bytes, Stack size unknown bytes, libshutdown2.o(.ARM.Collect$$libshutdown$$0000000F))

<P><STRONG><a name="[3eb]"></a>__rt_lib_shutdown_signal_1</STRONG> (Thumb, 0 bytes, Stack size unknown bytes, libshutdown2.o(.ARM.Collect$$libshutdown$$00000009))

<P><STRONG><a name="[3ec]"></a>__rt_lib_shutdown_stdio_1</STRONG> (Thumb, 0 bytes, Stack size unknown bytes, libshutdown2.o(.ARM.Collect$$libshutdown$$00000003))

<P><STRONG><a name="[3ed]"></a>__rt_lib_shutdown_user_alloc_1</STRONG> (Thumb, 0 bytes, Stack size unknown bytes, libshutdown2.o(.ARM.Collect$$libshutdown$$0000000B))

<P><STRONG><a name="[cb]"></a>__rt_entry</STRONG> (Thumb, 0 bytes, Stack size unknown bytes, rtentry.o(.ARM.Collect$$rtentry$$00000000))
<BR><BR>[Called By]<UL><LI><a href="#[c9]">&gt;&gt;</a>&nbsp;&nbsp;&nbsp;__main
<LI><a href="#[cc]">&gt;&gt;</a>&nbsp;&nbsp;&nbsp;__scatterload_rt2
</UL>

<P><STRONG><a name="[3ee]"></a>__rt_entry_presh_1</STRONG> (Thumb, 0 bytes, Stack size unknown bytes, rtentry2.o(.ARM.Collect$$rtentry$$00000002))

<P><STRONG><a name="[f7]"></a>__rt_entry_sh</STRONG> (Thumb, 0 bytes, Stack size unknown bytes, rtentry4.o(.ARM.Collect$$rtentry$$00000004))
<BR><BR>[Stack]<UL><LI>Max Depth = 8 + Unknown Stack Size
<LI>Call Chain = __rt_entry_sh &rArr; __user_setup_stackheap
</UL>
<BR>[Calls]<UL><LI><a href="#[f8]">&gt;&gt;</a>&nbsp;&nbsp;&nbsp;__user_setup_stackheap
</UL>

<P><STRONG><a name="[f9]"></a>__rt_entry_li</STRONG> (Thumb, 0 bytes, Stack size unknown bytes, rtentry2.o(.ARM.Collect$$rtentry$$0000000A))
<BR><BR>[Stack]<UL><LI>Max Depth = 8 + Unknown Stack Size
<LI>Call Chain = __rt_entry_li &rArr; __rt_lib_init &rArr; _fp_init
</UL>
<BR>[Calls]<UL><LI><a href="#[ee]">&gt;&gt;</a>&nbsp;&nbsp;&nbsp;__rt_lib_init
</UL>

<P><STRONG><a name="[3ef]"></a>__rt_entry_postsh_1</STRONG> (Thumb, 0 bytes, Stack size unknown bytes, rtentry2.o(.ARM.Collect$$rtentry$$00000009))

<P><STRONG><a name="[fa]"></a>__rt_entry_main</STRONG> (Thumb, 0 bytes, Stack size unknown bytes, rtentry2.o(.ARM.Collect$$rtentry$$0000000D))
<BR><BR>[Stack]<UL><LI>Max Depth = 192 + Unknown Stack Size
<LI>Call Chain = __rt_entry_main &rArr; main &rArr; OSInit &rArr; OSTmr_Init &rArr; OSTmr_InitTask &rArr; OSTaskCreateExt &rArr; OS_TCBInit &rArr; OSTaskCreateHook
</UL>
<BR>[Calls]<UL><LI><a href="#[fb]">&gt;&gt;</a>&nbsp;&nbsp;&nbsp;main
<LI><a href="#[fc]">&gt;&gt;</a>&nbsp;&nbsp;&nbsp;exit
</UL>

<P><STRONG><a name="[3f0]"></a>__rt_entry_postli_1</STRONG> (Thumb, 0 bytes, Stack size unknown bytes, rtentry2.o(.ARM.Collect$$rtentry$$0000000C))

<P><STRONG><a name="[138]"></a>__rt_exit</STRONG> (Thumb, 0 bytes, Stack size unknown bytes, rtexit.o(.ARM.Collect$$rtexit$$00000000))
<BR><BR>[Called By]<UL><LI><a href="#[fc]">&gt;&gt;</a>&nbsp;&nbsp;&nbsp;exit
</UL>

<P><STRONG><a name="[fd]"></a>__rt_exit_ls</STRONG> (Thumb, 0 bytes, Stack size unknown bytes, rtexit2.o(.ARM.Collect$$rtexit$$00000003))
<BR><BR>[Calls]<UL><LI><a href="#[fe]">&gt;&gt;</a>&nbsp;&nbsp;&nbsp;__rt_lib_shutdown
</UL>

<P><STRONG><a name="[3f1]"></a>__rt_exit_prels_1</STRONG> (Thumb, 0 bytes, Stack size unknown bytes, rtexit2.o(.ARM.Collect$$rtexit$$00000002))

<P><STRONG><a name="[ff]"></a>__rt_exit_exit</STRONG> (Thumb, 0 bytes, Stack size unknown bytes, rtexit2.o(.ARM.Collect$$rtexit$$00000004))
<BR><BR>[Calls]<UL><LI><a href="#[100]">&gt;&gt;</a>&nbsp;&nbsp;&nbsp;_sys_exit
</UL>

<P><STRONG><a name="[3f2]"></a>__WFI</STRONG> (Thumb, 0 bytes, Stack size unknown bytes, cortexm3_macro.o(.text), UNUSED)

<P><STRONG><a name="[3f3]"></a>_maybe_terminate_alloc</STRONG> (Thumb, 0 bytes, Stack size unknown bytes, maybetermalloc1.o(.emb_text), UNUSED)

<P><STRONG><a name="[3f4]"></a>__WFE</STRONG> (Thumb, 0 bytes, Stack size unknown bytes, cortexm3_macro.o(.text), UNUSED)

<P><STRONG><a name="[3f5]"></a>__SEV</STRONG> (Thumb, 0 bytes, Stack size unknown bytes, cortexm3_macro.o(.text), UNUSED)

<P><STRONG><a name="[3f6]"></a>__ISB</STRONG> (Thumb, 0 bytes, Stack size unknown bytes, cortexm3_macro.o(.text), UNUSED)

<P><STRONG><a name="[3f7]"></a>__DSB</STRONG> (Thumb, 0 bytes, Stack size unknown bytes, cortexm3_macro.o(.text), UNUSED)

<P><STRONG><a name="[3f8]"></a>__DMB</STRONG> (Thumb, 0 bytes, Stack size unknown bytes, cortexm3_macro.o(.text), UNUSED)

<P><STRONG><a name="[3f9]"></a>__SVC</STRONG> (Thumb, 0 bytes, Stack size unknown bytes, cortexm3_macro.o(.text), UNUSED)

<P><STRONG><a name="[3fa]"></a>__MRS_CONTROL</STRONG> (Thumb, 0 bytes, Stack size unknown bytes, cortexm3_macro.o(.text), UNUSED)

<P><STRONG><a name="[3fb]"></a>__MSR_CONTROL</STRONG> (Thumb, 0 bytes, Stack size unknown bytes, cortexm3_macro.o(.text), UNUSED)

<P><STRONG><a name="[3fc]"></a>__MRS_PSP</STRONG> (Thumb, 0 bytes, Stack size unknown bytes, cortexm3_macro.o(.text), UNUSED)

<P><STRONG><a name="[3fd]"></a>__MSR_PSP</STRONG> (Thumb, 0 bytes, Stack size unknown bytes, cortexm3_macro.o(.text), UNUSED)

<P><STRONG><a name="[3fe]"></a>__MRS_MSP</STRONG> (Thumb, 0 bytes, Stack size unknown bytes, cortexm3_macro.o(.text), UNUSED)

<P><STRONG><a name="[3ff]"></a>__MSR_MSP</STRONG> (Thumb, 0 bytes, Stack size unknown bytes, cortexm3_macro.o(.text), UNUSED)

<P><STRONG><a name="[400]"></a>__RESETPRIMASK</STRONG> (Thumb, 0 bytes, Stack size unknown bytes, cortexm3_macro.o(.text), UNUSED)

<P><STRONG><a name="[401]"></a>__SETPRIMASK</STRONG> (Thumb, 0 bytes, Stack size unknown bytes, cortexm3_macro.o(.text), UNUSED)

<P><STRONG><a name="[402]"></a>__READ_PRIMASK</STRONG> (Thumb, 0 bytes, Stack size unknown bytes, cortexm3_macro.o(.text), UNUSED)

<P><STRONG><a name="[258]"></a>__SETFAULTMASK</STRONG> (Thumb, 0 bytes, Stack size unknown bytes, cortexm3_macro.o(.text))
<BR><BR>[Called By]<UL><LI><a href="#[257]">&gt;&gt;</a>&nbsp;&nbsp;&nbsp;NVIC_SETFAULTMASK
</UL>

<P><STRONG><a name="[403]"></a>__RESETFAULTMASK</STRONG> (Thumb, 0 bytes, Stack size unknown bytes, cortexm3_macro.o(.text), UNUSED)

<P><STRONG><a name="[404]"></a>__READ_FAULTMASK</STRONG> (Thumb, 0 bytes, Stack size unknown bytes, cortexm3_macro.o(.text), UNUSED)

<P><STRONG><a name="[405]"></a>__BASEPRICONFIG</STRONG> (Thumb, 0 bytes, Stack size unknown bytes, cortexm3_macro.o(.text), UNUSED)

<P><STRONG><a name="[406]"></a>__GetBASEPRI</STRONG> (Thumb, 0 bytes, Stack size unknown bytes, cortexm3_macro.o(.text), UNUSED)

<P><STRONG><a name="[407]"></a>__REV_HalfWord</STRONG> (Thumb, 0 bytes, Stack size unknown bytes, cortexm3_macro.o(.text), UNUSED)

<P><STRONG><a name="[408]"></a>__REV_Word</STRONG> (Thumb, 0 bytes, Stack size unknown bytes, cortexm3_macro.o(.text), UNUSED)

<P><STRONG><a name="[47]"></a>Reset_Handler</STRONG> (Thumb, 8 bytes, Stack size 0 bytes, startup_stm32f10x_hd.o(.text))
<BR>[Address Reference Count : 1]<UL><LI> startup_stm32f10x_hd.o(RESET)
</UL>
<P><STRONG><a name="[63]"></a>ADC1_2_IRQHandler</STRONG> (Thumb, 0 bytes, Stack size 0 bytes, startup_stm32f10x_hd.o(.text))
<BR><BR>[Calls]<UL><LI><a href="#[63]">&gt;&gt;</a>&nbsp;&nbsp;&nbsp;ADC1_2_IRQHandler
</UL>
<BR>[Called By]<UL><LI><a href="#[63]">&gt;&gt;</a>&nbsp;&nbsp;&nbsp;ADC1_2_IRQHandler
</UL>
<BR>[Address Reference Count : 1]<UL><LI> startup_stm32f10x_hd.o(RESET)
</UL>
<P><STRONG><a name="[80]"></a>ADC3_IRQHandler</STRONG> (Thumb, 0 bytes, Stack size 0 bytes, startup_stm32f10x_hd.o(.text))
<BR>[Address Reference Count : 1]<UL><LI> startup_stm32f10x_hd.o(RESET)
</UL>
<P><STRONG><a name="[66]"></a>CAN1_RX1_IRQHandler</STRONG> (Thumb, 0 bytes, Stack size 0 bytes, startup_stm32f10x_hd.o(.text))
<BR>[Address Reference Count : 1]<UL><LI> startup_stm32f10x_hd.o(RESET)
</UL>
<P><STRONG><a name="[67]"></a>CAN1_SCE_IRQHandler</STRONG> (Thumb, 0 bytes, Stack size 0 bytes, startup_stm32f10x_hd.o(.text))
<BR>[Address Reference Count : 1]<UL><LI> startup_stm32f10x_hd.o(RESET)
</UL>
<P><STRONG><a name="[5c]"></a>DMA1_Channel1_IRQHandler</STRONG> (Thumb, 0 bytes, Stack size 0 bytes, startup_stm32f10x_hd.o(.text))
<BR>[Address Reference Count : 1]<UL><LI> startup_stm32f10x_hd.o(RESET)
</UL>
<P><STRONG><a name="[5d]"></a>DMA1_Channel2_IRQHandler</STRONG> (Thumb, 0 bytes, Stack size 0 bytes, startup_stm32f10x_hd.o(.text))
<BR>[Address Reference Count : 1]<UL><LI> startup_stm32f10x_hd.o(RESET)
</UL>
<P><STRONG><a name="[5e]"></a>DMA1_Channel3_IRQHandler</STRONG> (Thumb, 0 bytes, Stack size 0 bytes, startup_stm32f10x_hd.o(.text))
<BR>[Address Reference Count : 1]<UL><LI> startup_stm32f10x_hd.o(RESET)
</UL>
<P><STRONG><a name="[5f]"></a>DMA1_Channel4_IRQHandler</STRONG> (Thumb, 0 bytes, Stack size 0 bytes, startup_stm32f10x_hd.o(.text))
<BR>[Address Reference Count : 1]<UL><LI> startup_stm32f10x_hd.o(RESET)
</UL>
<P><STRONG><a name="[60]"></a>DMA1_Channel5_IRQHandler</STRONG> (Thumb, 0 bytes, Stack size 0 bytes, startup_stm32f10x_hd.o(.text))
<BR>[Address Reference Count : 1]<UL><LI> startup_stm32f10x_hd.o(RESET)
</UL>
<P><STRONG><a name="[61]"></a>DMA1_Channel6_IRQHandler</STRONG> (Thumb, 0 bytes, Stack size 0 bytes, startup_stm32f10x_hd.o(.text))
<BR>[Address Reference Count : 1]<UL><LI> startup_stm32f10x_hd.o(RESET)
</UL>
<P><STRONG><a name="[62]"></a>DMA1_Channel7_IRQHandler</STRONG> (Thumb, 0 bytes, Stack size 0 bytes, startup_stm32f10x_hd.o(.text))
<BR>[Address Reference Count : 1]<UL><LI> startup_stm32f10x_hd.o(RESET)
</UL>
<P><STRONG><a name="[89]"></a>DMA2_Channel1_IRQHandler</STRONG> (Thumb, 0 bytes, Stack size 0 bytes, startup_stm32f10x_hd.o(.text))
<BR>[Address Reference Count : 1]<UL><LI> startup_stm32f10x_hd.o(RESET)
</UL>
<P><STRONG><a name="[8a]"></a>DMA2_Channel2_IRQHandler</STRONG> (Thumb, 0 bytes, Stack size 0 bytes, startup_stm32f10x_hd.o(.text))
<BR>[Address Reference Count : 1]<UL><LI> startup_stm32f10x_hd.o(RESET)
</UL>
<P><STRONG><a name="[8b]"></a>DMA2_Channel3_IRQHandler</STRONG> (Thumb, 0 bytes, Stack size 0 bytes, startup_stm32f10x_hd.o(.text))
<BR>[Address Reference Count : 1]<UL><LI> startup_stm32f10x_hd.o(RESET)
</UL>
<P><STRONG><a name="[8c]"></a>DMA2_Channel4_5_IRQHandler</STRONG> (Thumb, 0 bytes, Stack size 0 bytes, startup_stm32f10x_hd.o(.text))
<BR>[Address Reference Count : 1]<UL><LI> startup_stm32f10x_hd.o(RESET)
</UL>
<P><STRONG><a name="[59]"></a>EXTI2_IRQHandler</STRONG> (Thumb, 0 bytes, Stack size 0 bytes, startup_stm32f10x_hd.o(.text))
<BR>[Address Reference Count : 1]<UL><LI> startup_stm32f10x_hd.o(RESET)
</UL>
<P><STRONG><a name="[5b]"></a>EXTI4_IRQHandler</STRONG> (Thumb, 0 bytes, Stack size 0 bytes, startup_stm32f10x_hd.o(.text))
<BR>[Address Reference Count : 1]<UL><LI> startup_stm32f10x_hd.o(RESET)
</UL>
<P><STRONG><a name="[55]"></a>FLASH_IRQHandler</STRONG> (Thumb, 0 bytes, Stack size 0 bytes, startup_stm32f10x_hd.o(.text))
<BR>[Address Reference Count : 1]<UL><LI> startup_stm32f10x_hd.o(RESET)
</UL>
<P><STRONG><a name="[81]"></a>FSMC_IRQHandler</STRONG> (Thumb, 0 bytes, Stack size 0 bytes, startup_stm32f10x_hd.o(.text))
<BR>[Address Reference Count : 1]<UL><LI> startup_stm32f10x_hd.o(RESET)
</UL>
<P><STRONG><a name="[71]"></a>I2C1_ER_IRQHandler</STRONG> (Thumb, 0 bytes, Stack size 0 bytes, startup_stm32f10x_hd.o(.text))
<BR>[Address Reference Count : 1]<UL><LI> startup_stm32f10x_hd.o(RESET)
</UL>
<P><STRONG><a name="[73]"></a>I2C2_ER_IRQHandler</STRONG> (Thumb, 0 bytes, Stack size 0 bytes, startup_stm32f10x_hd.o(.text))
<BR>[Address Reference Count : 1]<UL><LI> startup_stm32f10x_hd.o(RESET)
</UL>
<P><STRONG><a name="[72]"></a>I2C2_EV_IRQHandler</STRONG> (Thumb, 0 bytes, Stack size 0 bytes, startup_stm32f10x_hd.o(.text))
<BR>[Address Reference Count : 1]<UL><LI> startup_stm32f10x_hd.o(RESET)
</UL>
<P><STRONG><a name="[52]"></a>PVD_IRQHandler</STRONG> (Thumb, 0 bytes, Stack size 0 bytes, startup_stm32f10x_hd.o(.text))
<BR>[Address Reference Count : 1]<UL><LI> startup_stm32f10x_hd.o(RESET)
</UL>
<P><STRONG><a name="[56]"></a>RCC_IRQHandler</STRONG> (Thumb, 0 bytes, Stack size 0 bytes, startup_stm32f10x_hd.o(.text))
<BR>[Address Reference Count : 1]<UL><LI> startup_stm32f10x_hd.o(RESET)
</UL>
<P><STRONG><a name="[7a]"></a>RTCAlarm_IRQHandler</STRONG> (Thumb, 0 bytes, Stack size 0 bytes, startup_stm32f10x_hd.o(.text))
<BR>[Address Reference Count : 1]<UL><LI> startup_stm32f10x_hd.o(RESET)
</UL>
<P><STRONG><a name="[54]"></a>RTC_IRQHandler</STRONG> (Thumb, 0 bytes, Stack size 0 bytes, startup_stm32f10x_hd.o(.text))
<BR>[Address Reference Count : 1]<UL><LI> startup_stm32f10x_hd.o(RESET)
</UL>
<P><STRONG><a name="[82]"></a>SDIO_IRQHandler</STRONG> (Thumb, 0 bytes, Stack size 0 bytes, startup_stm32f10x_hd.o(.text))
<BR>[Address Reference Count : 1]<UL><LI> startup_stm32f10x_hd.o(RESET)
</UL>
<P><STRONG><a name="[74]"></a>SPI1_IRQHandler</STRONG> (Thumb, 0 bytes, Stack size 0 bytes, startup_stm32f10x_hd.o(.text))
<BR>[Address Reference Count : 1]<UL><LI> startup_stm32f10x_hd.o(RESET)
</UL>
<P><STRONG><a name="[75]"></a>SPI2_IRQHandler</STRONG> (Thumb, 0 bytes, Stack size 0 bytes, startup_stm32f10x_hd.o(.text))
<BR>[Address Reference Count : 1]<UL><LI> startup_stm32f10x_hd.o(RESET)
</UL>
<P><STRONG><a name="[84]"></a>SPI3_IRQHandler</STRONG> (Thumb, 0 bytes, Stack size 0 bytes, startup_stm32f10x_hd.o(.text))
<BR>[Address Reference Count : 1]<UL><LI> startup_stm32f10x_hd.o(RESET)
</UL>
<P><STRONG><a name="[53]"></a>TAMPER_IRQHandler</STRONG> (Thumb, 0 bytes, Stack size 0 bytes, startup_stm32f10x_hd.o(.text))
<BR>[Address Reference Count : 1]<UL><LI> startup_stm32f10x_hd.o(RESET)
</UL>
<P><STRONG><a name="[69]"></a>TIM1_BRK_IRQHandler</STRONG> (Thumb, 0 bytes, Stack size 0 bytes, startup_stm32f10x_hd.o(.text))
<BR>[Address Reference Count : 1]<UL><LI> startup_stm32f10x_hd.o(RESET)
</UL>
<P><STRONG><a name="[6c]"></a>TIM1_CC_IRQHandler</STRONG> (Thumb, 0 bytes, Stack size 0 bytes, startup_stm32f10x_hd.o(.text))
<BR>[Address Reference Count : 1]<UL><LI> startup_stm32f10x_hd.o(RESET)
</UL>
<P><STRONG><a name="[6b]"></a>TIM1_TRG_COM_IRQHandler</STRONG> (Thumb, 0 bytes, Stack size 0 bytes, startup_stm32f10x_hd.o(.text))
<BR>[Address Reference Count : 1]<UL><LI> startup_stm32f10x_hd.o(RESET)
</UL>
<P><STRONG><a name="[6a]"></a>TIM1_UP_IRQHandler</STRONG> (Thumb, 0 bytes, Stack size 0 bytes, startup_stm32f10x_hd.o(.text))
<BR>[Address Reference Count : 1]<UL><LI> startup_stm32f10x_hd.o(RESET)
</UL>
<P><STRONG><a name="[6d]"></a>TIM2_IRQHandler</STRONG> (Thumb, 0 bytes, Stack size 0 bytes, startup_stm32f10x_hd.o(.text))
<BR>[Address Reference Count : 1]<UL><LI> startup_stm32f10x_hd.o(RESET)
</UL>
<P><STRONG><a name="[6e]"></a>TIM3_IRQHandler</STRONG> (Thumb, 0 bytes, Stack size 0 bytes, startup_stm32f10x_hd.o(.text))
<BR>[Address Reference Count : 1]<UL><LI> startup_stm32f10x_hd.o(RESET)
</UL>
<P><STRONG><a name="[6f]"></a>TIM4_IRQHandler</STRONG> (Thumb, 0 bytes, Stack size 0 bytes, startup_stm32f10x_hd.o(.text))
<BR>[Address Reference Count : 1]<UL><LI> startup_stm32f10x_hd.o(RESET)
</UL>
<P><STRONG><a name="[83]"></a>TIM5_IRQHandler</STRONG> (Thumb, 0 bytes, Stack size 0 bytes, startup_stm32f10x_hd.o(.text))
<BR>[Address Reference Count : 1]<UL><LI> startup_stm32f10x_hd.o(RESET)
</UL>
<P><STRONG><a name="[87]"></a>TIM6_IRQHandler</STRONG> (Thumb, 0 bytes, Stack size 0 bytes, startup_stm32f10x_hd.o(.text))
<BR>[Address Reference Count : 1]<UL><LI> startup_stm32f10x_hd.o(RESET)
</UL>
<P><STRONG><a name="[88]"></a>TIM7_IRQHandler</STRONG> (Thumb, 0 bytes, Stack size 0 bytes, startup_stm32f10x_hd.o(.text))
<BR>[Address Reference Count : 1]<UL><LI> startup_stm32f10x_hd.o(RESET)
</UL>
<P><STRONG><a name="[7c]"></a>TIM8_BRK_IRQHandler</STRONG> (Thumb, 0 bytes, Stack size 0 bytes, startup_stm32f10x_hd.o(.text))
<BR>[Address Reference Count : 1]<UL><LI> startup_stm32f10x_hd.o(RESET)
</UL>
<P><STRONG><a name="[7f]"></a>TIM8_CC_IRQHandler</STRONG> (Thumb, 0 bytes, Stack size 0 bytes, startup_stm32f10x_hd.o(.text))
<BR>[Address Reference Count : 1]<UL><LI> startup_stm32f10x_hd.o(RESET)
</UL>
<P><STRONG><a name="[7e]"></a>TIM8_TRG_COM_IRQHandler</STRONG> (Thumb, 0 bytes, Stack size 0 bytes, startup_stm32f10x_hd.o(.text))
<BR>[Address Reference Count : 1]<UL><LI> startup_stm32f10x_hd.o(RESET)
</UL>
<P><STRONG><a name="[7d]"></a>TIM8_UP_IRQHandler</STRONG> (Thumb, 0 bytes, Stack size 0 bytes, startup_stm32f10x_hd.o(.text))
<BR>[Address Reference Count : 1]<UL><LI> startup_stm32f10x_hd.o(RESET)
</UL>
<P><STRONG><a name="[7b]"></a>USBWakeUp_IRQHandler</STRONG> (Thumb, 0 bytes, Stack size 0 bytes, startup_stm32f10x_hd.o(.text))
<BR>[Address Reference Count : 1]<UL><LI> startup_stm32f10x_hd.o(RESET)
</UL>
<P><STRONG><a name="[64]"></a>USB_HP_CAN1_TX_IRQHandler</STRONG> (Thumb, 0 bytes, Stack size 0 bytes, startup_stm32f10x_hd.o(.text))
<BR>[Address Reference Count : 1]<UL><LI> startup_stm32f10x_hd.o(RESET)
</UL>
<P><STRONG><a name="[65]"></a>USB_LP_CAN1_RX0_IRQHandler</STRONG> (Thumb, 0 bytes, Stack size 0 bytes, startup_stm32f10x_hd.o(.text))
<BR>[Address Reference Count : 1]<UL><LI> startup_stm32f10x_hd.o(RESET)
</UL>
<P><STRONG><a name="[51]"></a>WWDG_IRQHandler</STRONG> (Thumb, 0 bytes, Stack size 0 bytes, startup_stm32f10x_hd.o(.text))
<BR>[Address Reference Count : 1]<UL><LI> startup_stm32f10x_hd.o(RESET)
</UL>
<P><STRONG><a name="[137]"></a>__user_initial_stackheap</STRONG> (Thumb, 0 bytes, Stack size unknown bytes, startup_stm32f10x_hd.o(.text))
<BR><BR>[Called By]<UL><LI><a href="#[f8]">&gt;&gt;</a>&nbsp;&nbsp;&nbsp;__user_setup_stackheap
</UL>

<P><STRONG><a name="[3b1]"></a>CPU_IntDis</STRONG> (Thumb, 0 bytes, Stack size unknown bytes, cpu_a.o(.text))
<BR><BR>[Called By]<UL><LI><a href="#[fb]">&gt;&gt;</a>&nbsp;&nbsp;&nbsp;main
</UL>

<P><STRONG><a name="[409]"></a>CPU_IntEn</STRONG> (Thumb, 0 bytes, Stack size unknown bytes, cpu_a.o(.text), UNUSED)

<P><STRONG><a name="[40a]"></a>CPU_SR_Save</STRONG> (Thumb, 0 bytes, Stack size unknown bytes, cpu_a.o(.text), UNUSED)

<P><STRONG><a name="[40b]"></a>CPU_SR_Restore</STRONG> (Thumb, 0 bytes, Stack size unknown bytes, cpu_a.o(.text), UNUSED)

<P><STRONG><a name="[40c]"></a>CPU_CntLeadZeros</STRONG> (Thumb, 0 bytes, Stack size unknown bytes, cpu_a.o(.text), UNUSED)

<P><STRONG><a name="[40d]"></a>CPU_RevBits</STRONG> (Thumb, 0 bytes, Stack size unknown bytes, cpu_a.o(.text), UNUSED)

<P><STRONG><a name="[40e]"></a>CPU_WaitForInt</STRONG> (Thumb, 0 bytes, Stack size unknown bytes, cpu_a.o(.text), UNUSED)

<P><STRONG><a name="[40f]"></a>CPU_WaitForExcept</STRONG> (Thumb, 0 bytes, Stack size unknown bytes, cpu_a.o(.text), UNUSED)

<P><STRONG><a name="[1dc]"></a>OS_CPU_SR_Save</STRONG> (Thumb, 0 bytes, Stack size unknown bytes, os_cpu_a.o(.text))
<BR><BR>[Called By]<UL><LI><a href="#[302]">&gt;&gt;</a>&nbsp;&nbsp;&nbsp;UpdGprsRunSta_Ready
<LI><a href="#[2fd]">&gt;&gt;</a>&nbsp;&nbsp;&nbsp;UpdGprsRunSta_FeedRecDog
<LI><a href="#[2a7]">&gt;&gt;</a>&nbsp;&nbsp;&nbsp;UpdGprsRunSta_Csq
<LI><a href="#[2fc]">&gt;&gt;</a>&nbsp;&nbsp;&nbsp;UpdGprsRunSta_Cont
<LI><a href="#[2fb]">&gt;&gt;</a>&nbsp;&nbsp;&nbsp;UpdGprsRunSta_AddSndDog
<LI><a href="#[2fa]">&gt;&gt;</a>&nbsp;&nbsp;&nbsp;UpdGprsRunSta_AddRecDog
<LI><a href="#[2f6]">&gt;&gt;</a>&nbsp;&nbsp;&nbsp;UpdGprsRunSta_AddFrmRecTimes
<LI><a href="#[2aa]">&gt;&gt;</a>&nbsp;&nbsp;&nbsp;ReadGprsRunSta
<LI><a href="#[28b]">&gt;&gt;</a>&nbsp;&nbsp;&nbsp;OSTaskSuspend
<LI><a href="#[269]">&gt;&gt;</a>&nbsp;&nbsp;&nbsp;OSMboxAccept
<LI><a href="#[206]">&gt;&gt;</a>&nbsp;&nbsp;&nbsp;GprsInit_xmz
<LI><a href="#[1a8]">&gt;&gt;</a>&nbsp;&nbsp;&nbsp;GetGprsRunSta_ModuId
<LI><a href="#[b6]">&gt;&gt;</a>&nbsp;&nbsp;&nbsp;TaskGprsMana(void*)
<LI><a href="#[301]">&gt;&gt;</a>&nbsp;&nbsp;&nbsp;UpdGprsRunSta_ModuId
<LI><a href="#[29a]">&gt;&gt;</a>&nbsp;&nbsp;&nbsp;ProBltSta
<LI><a href="#[287]">&gt;&gt;</a>&nbsp;&nbsp;&nbsp;OSTaskResume
<LI><a href="#[1a4]">&gt;&gt;</a>&nbsp;&nbsp;&nbsp;OSSemPend
<LI><a href="#[22d]">&gt;&gt;</a>&nbsp;&nbsp;&nbsp;InitGprsRunSta
<LI><a href="#[33c]">&gt;&gt;</a>&nbsp;&nbsp;&nbsp;DEAL_MSG1C_ForAll(unsigned char*)
<LI><a href="#[33b]">&gt;&gt;</a>&nbsp;&nbsp;&nbsp;DEAL_MSG18_ForAll(unsigned char*)
<LI><a href="#[b3]">&gt;&gt;</a>&nbsp;&nbsp;&nbsp;TaskLog
<LI><a href="#[2d4]">&gt;&gt;</a>&nbsp;&nbsp;&nbsp;TIME_UpdateSystemTime
<LI><a href="#[2b8]">&gt;&gt;</a>&nbsp;&nbsp;&nbsp;STORE_InitTimeNodePara
<LI><a href="#[2b7]">&gt;&gt;</a>&nbsp;&nbsp;&nbsp;STORE_GetTimeNodeInfo
<LI><a href="#[217]">&gt;&gt;</a>&nbsp;&nbsp;&nbsp;ReadDateTime
<LI><a href="#[2a1]">&gt;&gt;</a>&nbsp;&nbsp;&nbsp;READ_ReadAllMeters
<LI><a href="#[276]">&gt;&gt;</a>&nbsp;&nbsp;&nbsp;OSQPost
<LI><a href="#[1f9]">&gt;&gt;</a>&nbsp;&nbsp;&nbsp;MakeDirInit
<LI><a href="#[204]">&gt;&gt;</a>&nbsp;&nbsp;&nbsp;LOG_WriteSysLog_Format
<LI><a href="#[27e]">&gt;&gt;</a>&nbsp;&nbsp;&nbsp;OSTaskCreate
<LI><a href="#[1a6]">&gt;&gt;</a>&nbsp;&nbsp;&nbsp;OSSemPost
<LI><a href="#[235]">&gt;&gt;</a>&nbsp;&nbsp;&nbsp;OSSemCreate
<LI><a href="#[1e8]">&gt;&gt;</a>&nbsp;&nbsp;&nbsp;OSQPend
<LI><a href="#[275]">&gt;&gt;</a>&nbsp;&nbsp;&nbsp;OSQCreate
<LI><a href="#[273]">&gt;&gt;</a>&nbsp;&nbsp;&nbsp;OSMutexCreate
<LI><a href="#[1d9]">&gt;&gt;</a>&nbsp;&nbsp;&nbsp;OSMboxPost
<LI><a href="#[26b]">&gt;&gt;</a>&nbsp;&nbsp;&nbsp;OSMboxPend
<LI><a href="#[1e5]">&gt;&gt;</a>&nbsp;&nbsp;&nbsp;OSMboxCreate
<LI><a href="#[1a2]">&gt;&gt;</a>&nbsp;&nbsp;&nbsp;FeedTaskDog
<LI><a href="#[af]">&gt;&gt;</a>&nbsp;&nbsp;&nbsp;Task_DownUartManagement(void*)
<LI><a href="#[a3]">&gt;&gt;</a>&nbsp;&nbsp;&nbsp;UartCmdtime
<LI><a href="#[196]">&gt;&gt;</a>&nbsp;&nbsp;&nbsp;OSTimeDly
<LI><a href="#[281]">&gt;&gt;</a>&nbsp;&nbsp;&nbsp;OSTaskCreateExt
<LI><a href="#[27b]">&gt;&gt;</a>&nbsp;&nbsp;&nbsp;OSStatInit
<LI><a href="#[1f2]">&gt;&gt;</a>&nbsp;&nbsp;&nbsp;OSMutexPost
<LI><a href="#[1f0]">&gt;&gt;</a>&nbsp;&nbsp;&nbsp;OSMutexPend
<LI><a href="#[22f]">&gt;&gt;</a>&nbsp;&nbsp;&nbsp;getValveSn
<LI><a href="#[2a2]">&gt;&gt;</a>&nbsp;&nbsp;&nbsp;READ_ReadOneMeter
<LI><a href="#[243]">&gt;&gt;</a>&nbsp;&nbsp;&nbsp;Uart0SendThenReceive_PostPend
<LI><a href="#[1ba]">&gt;&gt;</a>&nbsp;&nbsp;&nbsp;PARA_ReadMeterInfo
<LI><a href="#[17b]">&gt;&gt;</a>&nbsp;&nbsp;&nbsp;TIME_BspSystemTimeInit
<LI><a href="#[278]">&gt;&gt;</a>&nbsp;&nbsp;&nbsp;OSSchedUnlock
<LI><a href="#[277]">&gt;&gt;</a>&nbsp;&nbsp;&nbsp;OSSchedLock
<LI><a href="#[378]">&gt;&gt;</a>&nbsp;&nbsp;&nbsp;PARA_ProcessMsg_94(_ProtocolType&)
<LI><a href="#[374]">&gt;&gt;</a>&nbsp;&nbsp;&nbsp;PARA_ProcessMsg_84(_ProtocolType&)
<LI><a href="#[371]">&gt;&gt;</a>&nbsp;&nbsp;&nbsp;PARA_ProcessMsg_82(_ProtocolType&)
<LI><a href="#[36d]">&gt;&gt;</a>&nbsp;&nbsp;&nbsp;PARA_ProcessMsg_56(_ProtocolType&)
<LI><a href="#[36c]">&gt;&gt;</a>&nbsp;&nbsp;&nbsp;PARA_ProcessMsg_55(_ProtocolType&)
<LI><a href="#[36b]">&gt;&gt;</a>&nbsp;&nbsp;&nbsp;PARA_ProcessMsg_54(_ProtocolType&)
<LI><a href="#[36a]">&gt;&gt;</a>&nbsp;&nbsp;&nbsp;PARA_ProcessMsg_53(_ProtocolType&)
<LI><a href="#[368]">&gt;&gt;</a>&nbsp;&nbsp;&nbsp;PARA_ProcessMsg_51(_ProtocolType&)
<LI><a href="#[367]">&gt;&gt;</a>&nbsp;&nbsp;&nbsp;PARA_ProcessMsg_50(_ProtocolType&)
<LI><a href="#[362]">&gt;&gt;</a>&nbsp;&nbsp;&nbsp;PARA_ProcessMsg_20(_ProtocolType&)
<LI><a href="#[35e]">&gt;&gt;</a>&nbsp;&nbsp;&nbsp;PARA_ProcessMsg_0C(_ProtocolType&)
<LI><a href="#[35d]">&gt;&gt;</a>&nbsp;&nbsp;&nbsp;PARA_ProcessMsg_02(_ProtocolType&)
<LI><a href="#[35c]">&gt;&gt;</a>&nbsp;&nbsp;&nbsp;DEAL_ProcessMsg_92(_ProtocolType&, unsigned char*)
<LI><a href="#[c6]">&gt;&gt;</a>&nbsp;&nbsp;&nbsp;_Protocol::CreateHeartFrm(unsigned char*, unsigned char)
<LI><a href="#[c7]">&gt;&gt;</a>&nbsp;&nbsp;&nbsp;_Protocol::ReceiveFrame(unsigned char*, unsigned short&)
<LI><a href="#[34f]">&gt;&gt;</a>&nbsp;&nbsp;&nbsp;PARA_GetMeterSn_ByMeterID(unsigned short*, unsigned short*)
<LI><a href="#[35a]">&gt;&gt;</a>&nbsp;&nbsp;&nbsp;DEAL_ProcessMsg_40(_ProtocolType&, unsigned char*)
<LI><a href="#[357]">&gt;&gt;</a>&nbsp;&nbsp;&nbsp;DEAL_ProcessMsg_22(_ProtocolType&, unsigned char*)
<LI><a href="#[350]">&gt;&gt;</a>&nbsp;&nbsp;&nbsp;DEAL_ProcessMsg_0E(_ProtocolType&, unsigned char*)
<LI><a href="#[300]">&gt;&gt;</a>&nbsp;&nbsp;&nbsp;UpdGprsRunSta_IpSendRemnBufNum
<LI><a href="#[2ff]">&gt;&gt;</a>&nbsp;&nbsp;&nbsp;UpdGprsRunSta_IpCloseNum
<LI><a href="#[2fe]">&gt;&gt;</a>&nbsp;&nbsp;&nbsp;UpdGprsRunSta_FeedSndDog
<LI><a href="#[2f9]">&gt;&gt;</a>&nbsp;&nbsp;&nbsp;UpdGprsRunSta_AddIpSendFailNum
<LI><a href="#[2f8]">&gt;&gt;</a>&nbsp;&nbsp;&nbsp;UpdGprsRunSta_AddIpCloseNum
<LI><a href="#[2f7]">&gt;&gt;</a>&nbsp;&nbsp;&nbsp;UpdGprsRunSta_AddFrmSndTimes
<LI><a href="#[272]">&gt;&gt;</a>&nbsp;&nbsp;&nbsp;OSMemPut
<LI><a href="#[271]">&gt;&gt;</a>&nbsp;&nbsp;&nbsp;OSMemGet
<LI><a href="#[270]">&gt;&gt;</a>&nbsp;&nbsp;&nbsp;OSMemCreate
<LI><a href="#[333]">&gt;&gt;</a>&nbsp;&nbsp;&nbsp;SetIP(unsigned char*)
<LI><a href="#[338]">&gt;&gt;</a>&nbsp;&nbsp;&nbsp;SaveDeviceType(unsigned char)
<LI><a href="#[316]">&gt;&gt;</a>&nbsp;&nbsp;&nbsp;SetTimeNode(unsigned char*, unsigned char)
<LI><a href="#[315]">&gt;&gt;</a>&nbsp;&nbsp;&nbsp;SetTermAddr(unsigned char*)
<LI><a href="#[314]">&gt;&gt;</a>&nbsp;&nbsp;&nbsp;SetHostPort(unsigned short)
<LI><a href="#[313]">&gt;&gt;</a>&nbsp;&nbsp;&nbsp;SetHostAddr(unsigned char*)
<LI><a href="#[29c]">&gt;&gt;</a>&nbsp;&nbsp;&nbsp;QueueNData
<LI><a href="#[1cf]">&gt;&gt;</a>&nbsp;&nbsp;&nbsp;QueueFlush
<LI><a href="#[234]">&gt;&gt;</a>&nbsp;&nbsp;&nbsp;QueueCreate
<LI><a href="#[236]">&gt;&gt;</a>&nbsp;&nbsp;&nbsp;LOG_WriteSysLog
<LI><a href="#[23]">&gt;&gt;</a>&nbsp;&nbsp;&nbsp;ZigbeeSet()
<LI><a href="#[337]">&gt;&gt;</a>&nbsp;&nbsp;&nbsp;ReadMeterStateShow_Demo()
<LI><a href="#[43]">&gt;&gt;</a>&nbsp;&nbsp;&nbsp;InquiryValveFailInfo()
<LI><a href="#[42]">&gt;&gt;</a>&nbsp;&nbsp;&nbsp;InquiryMeterFailInfo()
<LI><a href="#[3f]">&gt;&gt;</a>&nbsp;&nbsp;&nbsp;Set_ReplenishPara()
<LI><a href="#[25]">&gt;&gt;</a>&nbsp;&nbsp;&nbsp;Set_SystemAddr()
<LI><a href="#[2e]">&gt;&gt;</a>&nbsp;&nbsp;&nbsp;Set_IPAndPort()
<LI><a href="#[325]">&gt;&gt;</a>&nbsp;&nbsp;&nbsp;SetMeterAddr(unsigned char*, unsigned char, unsigned char, unsigned char)
<LI><a href="#[28a]">&gt;&gt;</a>&nbsp;&nbsp;&nbsp;OSTaskStkChk
<LI><a href="#[97]">&gt;&gt;</a>&nbsp;&nbsp;&nbsp;OS_TaskStat
<LI><a href="#[96]">&gt;&gt;</a>&nbsp;&nbsp;&nbsp;OS_TaskIdle
<LI><a href="#[280]">&gt;&gt;</a>&nbsp;&nbsp;&nbsp;OS_TCBInit
<LI><a href="#[26d]">&gt;&gt;</a>&nbsp;&nbsp;&nbsp;OS_Sched
<LI><a href="#[28d]">&gt;&gt;</a>&nbsp;&nbsp;&nbsp;OSTimeTick
<LI><a href="#[1db]">&gt;&gt;</a>&nbsp;&nbsp;&nbsp;OSIntExit
<LI><a href="#[50]">&gt;&gt;</a>&nbsp;&nbsp;&nbsp;SysTick_Handler
<LI><a href="#[29d]">&gt;&gt;</a>&nbsp;&nbsp;&nbsp;QueueSize
<LI><a href="#[68]">&gt;&gt;</a>&nbsp;&nbsp;&nbsp;EXTI9_5_IRQHandler
<LI><a href="#[5a]">&gt;&gt;</a>&nbsp;&nbsp;&nbsp;EXTI3_IRQHandler
<LI><a href="#[79]">&gt;&gt;</a>&nbsp;&nbsp;&nbsp;EXTI15_10_IRQHandler
<LI><a href="#[2e6]">&gt;&gt;</a>&nbsp;&nbsp;&nbsp;USART3Send
<LI><a href="#[1d1]">&gt;&gt;</a>&nbsp;&nbsp;&nbsp;USART2Send
<LI><a href="#[2e3]">&gt;&gt;</a>&nbsp;&nbsp;&nbsp;USART1Send
<LI><a href="#[1d2]">&gt;&gt;</a>&nbsp;&nbsp;&nbsp;UART5Send
<LI><a href="#[2dd]">&gt;&gt;</a>&nbsp;&nbsp;&nbsp;UART4Send
<LI><a href="#[29f]">&gt;&gt;</a>&nbsp;&nbsp;&nbsp;QueueWrite
<LI><a href="#[29e]">&gt;&gt;</a>&nbsp;&nbsp;&nbsp;QueueRead
<LI><a href="#[77]">&gt;&gt;</a>&nbsp;&nbsp;&nbsp;USART2_IRQHandler
<LI><a href="#[76]">&gt;&gt;</a>&nbsp;&nbsp;&nbsp;USART1_IRQHandler
<LI><a href="#[86]">&gt;&gt;</a>&nbsp;&nbsp;&nbsp;UART5_IRQHandler
<LI><a href="#[85]">&gt;&gt;</a>&nbsp;&nbsp;&nbsp;UART4_IRQHandler
<LI><a href="#[3ab]">&gt;&gt;</a>&nbsp;&nbsp;&nbsp;get_fattime
<LI><a href="#[78]">&gt;&gt;</a>&nbsp;&nbsp;&nbsp;USART3_IRQHandler
<LI><a href="#[1eb]">&gt;&gt;</a>&nbsp;&nbsp;&nbsp;UpdGprsRunSta_Stype
</UL>

<P><STRONG><a name="[1dd]"></a>OS_CPU_SR_Restore</STRONG> (Thumb, 0 bytes, Stack size unknown bytes, os_cpu_a.o(.text))
<BR><BR>[Called By]<UL><LI><a href="#[302]">&gt;&gt;</a>&nbsp;&nbsp;&nbsp;UpdGprsRunSta_Ready
<LI><a href="#[2fd]">&gt;&gt;</a>&nbsp;&nbsp;&nbsp;UpdGprsRunSta_FeedRecDog
<LI><a href="#[2a7]">&gt;&gt;</a>&nbsp;&nbsp;&nbsp;UpdGprsRunSta_Csq
<LI><a href="#[2fc]">&gt;&gt;</a>&nbsp;&nbsp;&nbsp;UpdGprsRunSta_Cont
<LI><a href="#[2fb]">&gt;&gt;</a>&nbsp;&nbsp;&nbsp;UpdGprsRunSta_AddSndDog
<LI><a href="#[2fa]">&gt;&gt;</a>&nbsp;&nbsp;&nbsp;UpdGprsRunSta_AddRecDog
<LI><a href="#[2f6]">&gt;&gt;</a>&nbsp;&nbsp;&nbsp;UpdGprsRunSta_AddFrmRecTimes
<LI><a href="#[2aa]">&gt;&gt;</a>&nbsp;&nbsp;&nbsp;ReadGprsRunSta
<LI><a href="#[28b]">&gt;&gt;</a>&nbsp;&nbsp;&nbsp;OSTaskSuspend
<LI><a href="#[269]">&gt;&gt;</a>&nbsp;&nbsp;&nbsp;OSMboxAccept
<LI><a href="#[206]">&gt;&gt;</a>&nbsp;&nbsp;&nbsp;GprsInit_xmz
<LI><a href="#[1a8]">&gt;&gt;</a>&nbsp;&nbsp;&nbsp;GetGprsRunSta_ModuId
<LI><a href="#[b6]">&gt;&gt;</a>&nbsp;&nbsp;&nbsp;TaskGprsMana(void*)
<LI><a href="#[301]">&gt;&gt;</a>&nbsp;&nbsp;&nbsp;UpdGprsRunSta_ModuId
<LI><a href="#[29a]">&gt;&gt;</a>&nbsp;&nbsp;&nbsp;ProBltSta
<LI><a href="#[287]">&gt;&gt;</a>&nbsp;&nbsp;&nbsp;OSTaskResume
<LI><a href="#[1a4]">&gt;&gt;</a>&nbsp;&nbsp;&nbsp;OSSemPend
<LI><a href="#[22d]">&gt;&gt;</a>&nbsp;&nbsp;&nbsp;InitGprsRunSta
<LI><a href="#[33c]">&gt;&gt;</a>&nbsp;&nbsp;&nbsp;DEAL_MSG1C_ForAll(unsigned char*)
<LI><a href="#[33b]">&gt;&gt;</a>&nbsp;&nbsp;&nbsp;DEAL_MSG18_ForAll(unsigned char*)
<LI><a href="#[b3]">&gt;&gt;</a>&nbsp;&nbsp;&nbsp;TaskLog
<LI><a href="#[2d4]">&gt;&gt;</a>&nbsp;&nbsp;&nbsp;TIME_UpdateSystemTime
<LI><a href="#[2b8]">&gt;&gt;</a>&nbsp;&nbsp;&nbsp;STORE_InitTimeNodePara
<LI><a href="#[2b7]">&gt;&gt;</a>&nbsp;&nbsp;&nbsp;STORE_GetTimeNodeInfo
<LI><a href="#[217]">&gt;&gt;</a>&nbsp;&nbsp;&nbsp;ReadDateTime
<LI><a href="#[2a1]">&gt;&gt;</a>&nbsp;&nbsp;&nbsp;READ_ReadAllMeters
<LI><a href="#[276]">&gt;&gt;</a>&nbsp;&nbsp;&nbsp;OSQPost
<LI><a href="#[1f9]">&gt;&gt;</a>&nbsp;&nbsp;&nbsp;MakeDirInit
<LI><a href="#[204]">&gt;&gt;</a>&nbsp;&nbsp;&nbsp;LOG_WriteSysLog_Format
<LI><a href="#[27e]">&gt;&gt;</a>&nbsp;&nbsp;&nbsp;OSTaskCreate
<LI><a href="#[1a6]">&gt;&gt;</a>&nbsp;&nbsp;&nbsp;OSSemPost
<LI><a href="#[235]">&gt;&gt;</a>&nbsp;&nbsp;&nbsp;OSSemCreate
<LI><a href="#[1e8]">&gt;&gt;</a>&nbsp;&nbsp;&nbsp;OSQPend
<LI><a href="#[275]">&gt;&gt;</a>&nbsp;&nbsp;&nbsp;OSQCreate
<LI><a href="#[273]">&gt;&gt;</a>&nbsp;&nbsp;&nbsp;OSMutexCreate
<LI><a href="#[1d9]">&gt;&gt;</a>&nbsp;&nbsp;&nbsp;OSMboxPost
<LI><a href="#[26b]">&gt;&gt;</a>&nbsp;&nbsp;&nbsp;OSMboxPend
<LI><a href="#[1e5]">&gt;&gt;</a>&nbsp;&nbsp;&nbsp;OSMboxCreate
<LI><a href="#[1a2]">&gt;&gt;</a>&nbsp;&nbsp;&nbsp;FeedTaskDog
<LI><a href="#[af]">&gt;&gt;</a>&nbsp;&nbsp;&nbsp;Task_DownUartManagement(void*)
<LI><a href="#[a3]">&gt;&gt;</a>&nbsp;&nbsp;&nbsp;UartCmdtime
<LI><a href="#[196]">&gt;&gt;</a>&nbsp;&nbsp;&nbsp;OSTimeDly
<LI><a href="#[281]">&gt;&gt;</a>&nbsp;&nbsp;&nbsp;OSTaskCreateExt
<LI><a href="#[27b]">&gt;&gt;</a>&nbsp;&nbsp;&nbsp;OSStatInit
<LI><a href="#[1f2]">&gt;&gt;</a>&nbsp;&nbsp;&nbsp;OSMutexPost
<LI><a href="#[1f0]">&gt;&gt;</a>&nbsp;&nbsp;&nbsp;OSMutexPend
<LI><a href="#[22f]">&gt;&gt;</a>&nbsp;&nbsp;&nbsp;getValveSn
<LI><a href="#[2a2]">&gt;&gt;</a>&nbsp;&nbsp;&nbsp;READ_ReadOneMeter
<LI><a href="#[243]">&gt;&gt;</a>&nbsp;&nbsp;&nbsp;Uart0SendThenReceive_PostPend
<LI><a href="#[1ba]">&gt;&gt;</a>&nbsp;&nbsp;&nbsp;PARA_ReadMeterInfo
<LI><a href="#[17b]">&gt;&gt;</a>&nbsp;&nbsp;&nbsp;TIME_BspSystemTimeInit
<LI><a href="#[278]">&gt;&gt;</a>&nbsp;&nbsp;&nbsp;OSSchedUnlock
<LI><a href="#[277]">&gt;&gt;</a>&nbsp;&nbsp;&nbsp;OSSchedLock
<LI><a href="#[378]">&gt;&gt;</a>&nbsp;&nbsp;&nbsp;PARA_ProcessMsg_94(_ProtocolType&)
<LI><a href="#[374]">&gt;&gt;</a>&nbsp;&nbsp;&nbsp;PARA_ProcessMsg_84(_ProtocolType&)
<LI><a href="#[371]">&gt;&gt;</a>&nbsp;&nbsp;&nbsp;PARA_ProcessMsg_82(_ProtocolType&)
<LI><a href="#[36d]">&gt;&gt;</a>&nbsp;&nbsp;&nbsp;PARA_ProcessMsg_56(_ProtocolType&)
<LI><a href="#[36c]">&gt;&gt;</a>&nbsp;&nbsp;&nbsp;PARA_ProcessMsg_55(_ProtocolType&)
<LI><a href="#[36b]">&gt;&gt;</a>&nbsp;&nbsp;&nbsp;PARA_ProcessMsg_54(_ProtocolType&)
<LI><a href="#[36a]">&gt;&gt;</a>&nbsp;&nbsp;&nbsp;PARA_ProcessMsg_53(_ProtocolType&)
<LI><a href="#[368]">&gt;&gt;</a>&nbsp;&nbsp;&nbsp;PARA_ProcessMsg_51(_ProtocolType&)
<LI><a href="#[367]">&gt;&gt;</a>&nbsp;&nbsp;&nbsp;PARA_ProcessMsg_50(_ProtocolType&)
<LI><a href="#[362]">&gt;&gt;</a>&nbsp;&nbsp;&nbsp;PARA_ProcessMsg_20(_ProtocolType&)
<LI><a href="#[35e]">&gt;&gt;</a>&nbsp;&nbsp;&nbsp;PARA_ProcessMsg_0C(_ProtocolType&)
<LI><a href="#[35d]">&gt;&gt;</a>&nbsp;&nbsp;&nbsp;PARA_ProcessMsg_02(_ProtocolType&)
<LI><a href="#[35c]">&gt;&gt;</a>&nbsp;&nbsp;&nbsp;DEAL_ProcessMsg_92(_ProtocolType&, unsigned char*)
<LI><a href="#[c6]">&gt;&gt;</a>&nbsp;&nbsp;&nbsp;_Protocol::CreateHeartFrm(unsigned char*, unsigned char)
<LI><a href="#[c7]">&gt;&gt;</a>&nbsp;&nbsp;&nbsp;_Protocol::ReceiveFrame(unsigned char*, unsigned short&)
<LI><a href="#[34f]">&gt;&gt;</a>&nbsp;&nbsp;&nbsp;PARA_GetMeterSn_ByMeterID(unsigned short*, unsigned short*)
<LI><a href="#[35a]">&gt;&gt;</a>&nbsp;&nbsp;&nbsp;DEAL_ProcessMsg_40(_ProtocolType&, unsigned char*)
<LI><a href="#[357]">&gt;&gt;</a>&nbsp;&nbsp;&nbsp;DEAL_ProcessMsg_22(_ProtocolType&, unsigned char*)
<LI><a href="#[350]">&gt;&gt;</a>&nbsp;&nbsp;&nbsp;DEAL_ProcessMsg_0E(_ProtocolType&, unsigned char*)
<LI><a href="#[300]">&gt;&gt;</a>&nbsp;&nbsp;&nbsp;UpdGprsRunSta_IpSendRemnBufNum
<LI><a href="#[2ff]">&gt;&gt;</a>&nbsp;&nbsp;&nbsp;UpdGprsRunSta_IpCloseNum
<LI><a href="#[2fe]">&gt;&gt;</a>&nbsp;&nbsp;&nbsp;UpdGprsRunSta_FeedSndDog
<LI><a href="#[2f9]">&gt;&gt;</a>&nbsp;&nbsp;&nbsp;UpdGprsRunSta_AddIpSendFailNum
<LI><a href="#[2f8]">&gt;&gt;</a>&nbsp;&nbsp;&nbsp;UpdGprsRunSta_AddIpCloseNum
<LI><a href="#[2f7]">&gt;&gt;</a>&nbsp;&nbsp;&nbsp;UpdGprsRunSta_AddFrmSndTimes
<LI><a href="#[272]">&gt;&gt;</a>&nbsp;&nbsp;&nbsp;OSMemPut
<LI><a href="#[271]">&gt;&gt;</a>&nbsp;&nbsp;&nbsp;OSMemGet
<LI><a href="#[270]">&gt;&gt;</a>&nbsp;&nbsp;&nbsp;OSMemCreate
<LI><a href="#[333]">&gt;&gt;</a>&nbsp;&nbsp;&nbsp;SetIP(unsigned char*)
<LI><a href="#[338]">&gt;&gt;</a>&nbsp;&nbsp;&nbsp;SaveDeviceType(unsigned char)
<LI><a href="#[316]">&gt;&gt;</a>&nbsp;&nbsp;&nbsp;SetTimeNode(unsigned char*, unsigned char)
<LI><a href="#[315]">&gt;&gt;</a>&nbsp;&nbsp;&nbsp;SetTermAddr(unsigned char*)
<LI><a href="#[314]">&gt;&gt;</a>&nbsp;&nbsp;&nbsp;SetHostPort(unsigned short)
<LI><a href="#[313]">&gt;&gt;</a>&nbsp;&nbsp;&nbsp;SetHostAddr(unsigned char*)
<LI><a href="#[29c]">&gt;&gt;</a>&nbsp;&nbsp;&nbsp;QueueNData
<LI><a href="#[1cf]">&gt;&gt;</a>&nbsp;&nbsp;&nbsp;QueueFlush
<LI><a href="#[234]">&gt;&gt;</a>&nbsp;&nbsp;&nbsp;QueueCreate
<LI><a href="#[236]">&gt;&gt;</a>&nbsp;&nbsp;&nbsp;LOG_WriteSysLog
<LI><a href="#[23]">&gt;&gt;</a>&nbsp;&nbsp;&nbsp;ZigbeeSet()
<LI><a href="#[337]">&gt;&gt;</a>&nbsp;&nbsp;&nbsp;ReadMeterStateShow_Demo()
<LI><a href="#[43]">&gt;&gt;</a>&nbsp;&nbsp;&nbsp;InquiryValveFailInfo()
<LI><a href="#[42]">&gt;&gt;</a>&nbsp;&nbsp;&nbsp;InquiryMeterFailInfo()
<LI><a href="#[3f]">&gt;&gt;</a>&nbsp;&nbsp;&nbsp;Set_ReplenishPara()
<LI><a href="#[25]">&gt;&gt;</a>&nbsp;&nbsp;&nbsp;Set_SystemAddr()
<LI><a href="#[2e]">&gt;&gt;</a>&nbsp;&nbsp;&nbsp;Set_IPAndPort()
<LI><a href="#[325]">&gt;&gt;</a>&nbsp;&nbsp;&nbsp;SetMeterAddr(unsigned char*, unsigned char, unsigned char, unsigned char)
<LI><a href="#[28a]">&gt;&gt;</a>&nbsp;&nbsp;&nbsp;OSTaskStkChk
<LI><a href="#[97]">&gt;&gt;</a>&nbsp;&nbsp;&nbsp;OS_TaskStat
<LI><a href="#[96]">&gt;&gt;</a>&nbsp;&nbsp;&nbsp;OS_TaskIdle
<LI><a href="#[280]">&gt;&gt;</a>&nbsp;&nbsp;&nbsp;OS_TCBInit
<LI><a href="#[26d]">&gt;&gt;</a>&nbsp;&nbsp;&nbsp;OS_Sched
<LI><a href="#[28d]">&gt;&gt;</a>&nbsp;&nbsp;&nbsp;OSTimeTick
<LI><a href="#[1db]">&gt;&gt;</a>&nbsp;&nbsp;&nbsp;OSIntExit
<LI><a href="#[50]">&gt;&gt;</a>&nbsp;&nbsp;&nbsp;SysTick_Handler
<LI><a href="#[29d]">&gt;&gt;</a>&nbsp;&nbsp;&nbsp;QueueSize
<LI><a href="#[68]">&gt;&gt;</a>&nbsp;&nbsp;&nbsp;EXTI9_5_IRQHandler
<LI><a href="#[5a]">&gt;&gt;</a>&nbsp;&nbsp;&nbsp;EXTI3_IRQHandler
<LI><a href="#[79]">&gt;&gt;</a>&nbsp;&nbsp;&nbsp;EXTI15_10_IRQHandler
<LI><a href="#[2e6]">&gt;&gt;</a>&nbsp;&nbsp;&nbsp;USART3Send
<LI><a href="#[1d1]">&gt;&gt;</a>&nbsp;&nbsp;&nbsp;USART2Send
<LI><a href="#[2e3]">&gt;&gt;</a>&nbsp;&nbsp;&nbsp;USART1Send
<LI><a href="#[1d2]">&gt;&gt;</a>&nbsp;&nbsp;&nbsp;UART5Send
<LI><a href="#[2dd]">&gt;&gt;</a>&nbsp;&nbsp;&nbsp;UART4Send
<LI><a href="#[29f]">&gt;&gt;</a>&nbsp;&nbsp;&nbsp;QueueWrite
<LI><a href="#[29e]">&gt;&gt;</a>&nbsp;&nbsp;&nbsp;QueueRead
<LI><a href="#[77]">&gt;&gt;</a>&nbsp;&nbsp;&nbsp;USART2_IRQHandler
<LI><a href="#[76]">&gt;&gt;</a>&nbsp;&nbsp;&nbsp;USART1_IRQHandler
<LI><a href="#[86]">&gt;&gt;</a>&nbsp;&nbsp;&nbsp;UART5_IRQHandler
<LI><a href="#[85]">&gt;&gt;</a>&nbsp;&nbsp;&nbsp;UART4_IRQHandler
<LI><a href="#[3ab]">&gt;&gt;</a>&nbsp;&nbsp;&nbsp;get_fattime
<LI><a href="#[78]">&gt;&gt;</a>&nbsp;&nbsp;&nbsp;USART3_IRQHandler
<LI><a href="#[1eb]">&gt;&gt;</a>&nbsp;&nbsp;&nbsp;UpdGprsRunSta_Stype
</UL>

<P><STRONG><a name="[27a]"></a>OSStartHighRdy</STRONG> (Thumb, 0 bytes, Stack size unknown bytes, os_cpu_a.o(.text))
<BR><BR>[Called By]<UL><LI><a href="#[279]">&gt;&gt;</a>&nbsp;&nbsp;&nbsp;OSStart
</UL>

<P><STRONG><a name="[296]"></a>OSCtxSw</STRONG> (Thumb, 0 bytes, Stack size unknown bytes, os_cpu_a.o(.text))
<BR><BR>[Called By]<UL><LI><a href="#[26d]">&gt;&gt;</a>&nbsp;&nbsp;&nbsp;OS_Sched
</UL>

<P><STRONG><a name="[268]"></a>OSIntCtxSw</STRONG> (Thumb, 0 bytes, Stack size unknown bytes, os_cpu_a.o(.text))
<BR><BR>[Called By]<UL><LI><a href="#[1db]">&gt;&gt;</a>&nbsp;&nbsp;&nbsp;OSIntExit
</UL>

[...]
</UL>
<BR>[Called By]<UL><LI><a href="#[1d2]">&gt;&gt;</a>&nbsp;&nbsp;&nbsp;UART5Send
</UL>

<P><STRONG><a name="[2e4]"></a>__USART1Putch</STRONG> (Thumb, 14 bytes, Stack size 8 bytes, usart1.o(i.__USART1Putch))
<BR><BR>[Stack]<UL><LI>Max Depth = 32<LI>Call Chain = __USART1Putch &rArr; QueueWrite_Int
</UL>
<BR>[Calls]<UL><LI><a href="#[238]">&gt;&gt;</a>&nbsp;&nbsp;&nbsp;QueueWrite_Int
</UL>
<BR>[Called By]<UL><LI><a href="#[2e3]">&gt;&gt;</a>&nbsp;&nbsp;&nbsp;USART1Send
</UL>

<P><STRONG><a name="[2e5]"></a>__USART2Putch</STRONG> (Thumb, 14 bytes, Stack size 8 bytes, usart2.o(i.__USART2Putch))
<BR><BR>[Stack]<UL><LI>Max Depth = 32<LI>Call Chain = __USART2Putch &rArr; QueueWrite_Int
</UL>
<BR>[Calls]<UL><LI><a href="#[238]">&gt;&gt;</a>&nbsp;&nbsp;&nbsp;QueueWrite_Int
</UL>
<BR>[Called By]<UL><LI><a href="#[1d1]">&gt;&gt;</a>&nbsp;&nbsp;&nbsp;USART2Send
</UL>

<P><STRONG><a name="[2e7]"></a>__USART3Putch</STRONG> (Thumb, 14 bytes, Stack size 8 bytes, usart3.o(i.__USART3Putch))
<BR><BR>[Stack]<UL><LI>Max Depth = 32<LI>Call Chain = __USART3Putch &rArr; QueueWrite_Int
</UL>
<BR>[Calls]<UL><LI><a href="#[238]">&gt;&gt;</a>&nbsp;&nbsp;&nbsp;QueueWrite_Int
</UL>
<BR>[Called By]<UL><LI><a href="#[2e6]">&gt;&gt;</a>&nbsp;&nbsp;&nbsp;USART3Send
</UL>

<P><STRONG><a name="[388]"></a>check_fs</STRONG> (Thumb, 138 bytes, Stack size 16 bytes, ff.o(i.check_fs))
<BR><BR>[Stack]<UL><LI>Max Depth = 96<LI>Call Chain = check_fs &rArr; disk_read &rArr; MSD_ReadMultipleBlock &rArr; _send_command &rArr; _spi_read_write
</UL>
<BR>[Calls]<UL><LI><a href="#[389]">&gt;&gt;</a>&nbsp;&nbsp;&nbsp;disk_read
</UL>
<BR>[Called By]<UL><LI><a href="#[38a]">&gt;&gt;</a>&nbsp;&nbsp;&nbsp;chk_mounted
</UL>

<P><STRONG><a name="[394]"></a>chk_chr</STRONG> (Thumb, 20 bytes, Stack size 0 bytes, ff.o(i.chk_chr))
<BR><BR>[Called By]<UL><LI><a href="#[392]">&gt;&gt;</a>&nbsp;&nbsp;&nbsp;create_name
</UL>

<P><STRONG><a name="[38a]"></a>chk_mounted</STRONG> (Thumb, 908 bytes, Stack size 80 bytes, ff.o(i.chk_mounted))
<BR><BR>[Stack]<UL><LI>Max Depth = 176<LI>Call Chain = chk_mounted &rArr; check_fs &rArr; disk_read &rArr; MSD_ReadMultipleBlock &rArr; _send_command &rArr; _spi_read_write
</UL>
<BR>[Calls]<UL><LI><a href="#[388]">&gt;&gt;</a>&nbsp;&nbsp;&nbsp;check_fs
<LI><a href="#[38b]">&gt;&gt;</a>&nbsp;&nbsp;&nbsp;disk_status
<LI><a href="#[389]">&gt;&gt;</a>&nbsp;&nbsp;&nbsp;disk_read
<LI><a href="#[38c]">&gt;&gt;</a>&nbsp;&nbsp;&nbsp;disk_initialize
</UL>
<BR>[Called By]<UL><LI><a href="#[2f3]">&gt;&gt;</a>&nbsp;&nbsp;&nbsp;f_unlink
<LI><a href="#[2f2]">&gt;&gt;</a>&nbsp;&nbsp;&nbsp;f_rename
<LI><a href="#[2f0]">&gt;&gt;</a>&nbsp;&nbsp;&nbsp;f_opendir
<LI><a href="#[252]">&gt;&gt;</a>&nbsp;&nbsp;&nbsp;f_open
<LI><a href="#[250]">&gt;&gt;</a>&nbsp;&nbsp;&nbsp;f_mkdir
<LI><a href="#[2ef]">&gt;&gt;</a>&nbsp;&nbsp;&nbsp;f_getcwd
<LI><a href="#[2ee]">&gt;&gt;</a>&nbsp;&nbsp;&nbsp;f_chdir
</UL>

<P><STRONG><a name="[38d]"></a>cmp_lfn</STRONG> (Thumb, 138 bytes, Stack size 32 bytes, ff.o(i.cmp_lfn))
<BR><BR>[Stack]<UL><LI>Max Depth = 32<LI>Call Chain = cmp_lfn
</UL>
<BR>[Calls]<UL><LI><a href="#[38e]">&gt;&gt;</a>&nbsp;&nbsp;&nbsp;ff_wtoupper
</UL>
<BR>[Called By]<UL><LI><a href="#[396]">&gt;&gt;</a>&nbsp;&nbsp;&nbsp;dir_find
</UL>

<P><STRONG><a name="[38f]"></a>create_chain</STRONG> (Thumb, 202 bytes, Stack size 32 bytes, ff.o(i.create_chain))
<BR><BR>[Stack]<UL><LI>Max Depth = 176<LI>Call Chain = create_chain &rArr; put_fat &rArr; move_window &rArr; disk_write &rArr; MSD_WriteMultipleBlock &rArr; _send_command &rArr; _spi_read_write
</UL>
<BR>[Calls]<UL><LI><a href="#[391]">&gt;&gt;</a>&nbsp;&nbsp;&nbsp;put_fat
<LI><a href="#[390]">&gt;&gt;</a>&nbsp;&nbsp;&nbsp;get_fat
</UL>
<BR>[Called By]<UL><LI><a href="#[2b5]">&gt;&gt;</a>&nbsp;&nbsp;&nbsp;f_write
<LI><a href="#[250]">&gt;&gt;</a>&nbsp;&nbsp;&nbsp;f_mkdir
<LI><a href="#[2b3]">&gt;&gt;</a>&nbsp;&nbsp;&nbsp;f_lseek
<LI><a href="#[39b]">&gt;&gt;</a>&nbsp;&nbsp;&nbsp;dir_next
</UL>

<P><STRONG><a name="[392]"></a>create_name</STRONG> (Thumb, 638 bytes, Stack size 56 bytes, ff.o(i.create_name))
<BR><BR>[Stack]<UL><LI>Max Depth = 68<LI>Call Chain = create_name &rArr; mem_set
</UL>
<BR>[Calls]<UL><LI><a href="#[393]">&gt;&gt;</a>&nbsp;&nbsp;&nbsp;ff_convert
<LI><a href="#[395]">&gt;&gt;</a>&nbsp;&nbsp;&nbsp;mem_set
<LI><a href="#[394]">&gt;&gt;</a>&nbsp;&nbsp;&nbsp;chk_chr
</UL>
<BR>[Called By]<UL><LI><a href="#[3a7]">&gt;&gt;</a>&nbsp;&nbsp;&nbsp;follow_path
</UL>

<P><STRONG><a name="[396]"></a>dir_find</STRONG> (Thumb, 222 bytes, Stack size 32 bytes, ff.o(i.dir_find))
<BR><BR>[Stack]<UL><LI>Max Depth = 232<LI>Call Chain = dir_find &rArr; dir_next &rArr; create_chain &rArr; put_fat &rArr; move_window &rArr; disk_write &rArr; MSD_WriteMultipleBlock &rArr; _send_command &rArr; _spi_read_write
</UL>
<BR>[Calls]<UL><LI><a href="#[399]">&gt;&gt;</a>&nbsp;&nbsp;&nbsp;sum_sfn
<LI><a href="#[398]">&gt;&gt;</a>&nbsp;&nbsp;&nbsp;move_window
<LI><a href="#[39a]">&gt;&gt;</a>&nbsp;&nbsp;&nbsp;mem_cmp
<LI><a href="#[397]">&gt;&gt;</a>&nbsp;&nbsp;&nbsp;dir_sdi
<LI><a href="#[39b]">&gt;&gt;</a>&nbsp;&nbsp;&nbsp;dir_next
<LI><a href="#[38d]">&gt;&gt;</a>&nbsp;&nbsp;&nbsp;cmp_lfn
</UL>
<BR>[Called By]<UL><LI><a href="#[3a7]">&gt;&gt;</a>&nbsp;&nbsp;&nbsp;follow_path
<LI><a href="#[39f]">&gt;&gt;</a>&nbsp;&nbsp;&nbsp;dir_register
</UL>

<P><STRONG><a name="[39b]"></a>dir_next</STRONG> (Thumb, 276 bytes, Stack size 24 bytes, ff.o(i.dir_next))
<BR><BR>[Stack]<UL><LI>Max Depth = 200<LI>Call Chain = dir_next &rArr; create_chain &rArr; put_fat &rArr; move_window &rArr; disk_write &rArr; MSD_WriteMultipleBlock &rArr; _send_command &rArr; _spi_read_write
</UL>
<BR>[Calls]<UL><LI><a href="#[390]">&gt;&gt;</a>&nbsp;&nbsp;&nbsp;get_fat
<LI><a href="#[39c]">&gt;&gt;</a>&nbsp;&nbsp;&nbsp;clust2sect
<LI><a href="#[398]">&gt;&gt;</a>&nbsp;&nbsp;&nbsp;move_window
<LI><a href="#[395]">&gt;&gt;</a>&nbsp;&nbsp;&nbsp;mem_set
<LI><a href="#[38f]">&gt;&gt;</a>&nbsp;&nbsp;&nbsp;create_chain
</UL>
<BR>[Called By]<UL><LI><a href="#[2f1]">&gt;&gt;</a>&nbsp;&nbsp;&nbsp;f_readdir
<LI><a href="#[2ef]">&gt;&gt;</a>&nbsp;&nbsp;&nbsp;f_getcwd
<LI><a href="#[3a3]">&gt;&gt;</a>&nbsp;&nbsp;&nbsp;dir_remove
<LI><a href="#[39f]">&gt;&gt;</a>&nbsp;&nbsp;&nbsp;dir_register
<LI><a href="#[39d]">&gt;&gt;</a>&nbsp;&nbsp;&nbsp;dir_read
<LI><a href="#[396]">&gt;&gt;</a>&nbsp;&nbsp;&nbsp;dir_find
</UL>

<P><STRONG><a name="[39d]"></a>dir_read</STRONG> (Thumb, 188 bytes, Stack size 32 bytes, ff.o(i.dir_read))
<BR><BR>[Stack]<UL><LI>Max Depth = 232<LI>Call Chain = dir_read &rArr; dir_next &rArr; create_chain &rArr; put_fat &rArr; move_window &rArr; disk_write &rArr; MSD_WriteMultipleBlock &rArr; _send_command &rArr; _spi_read_write
</UL>
<BR>[Calls]<UL><LI><a href="#[399]">&gt;&gt;</a>&nbsp;&nbsp;&nbsp;sum_sfn
<LI><a href="#[39e]">&gt;&gt;</a>&nbsp;&nbsp;&nbsp;pick_lfn
<LI><a href="#[398]">&gt;&gt;</a>&nbsp;&nbsp;&nbsp;move_window
<LI><a href="#[39b]">&gt;&gt;</a>&nbsp;&nbsp;&nbsp;dir_next
</UL>
<BR>[Called By]<UL><LI><a href="#[2f3]">&gt;&gt;</a>&nbsp;&nbsp;&nbsp;f_unlink
<LI><a href="#[2f1]">&gt;&gt;</a>&nbsp;&nbsp;&nbsp;f_readdir
<LI><a href="#[2ef]">&gt;&gt;</a>&nbsp;&nbsp;&nbsp;f_getcwd
</UL>

<P><STRONG><a name="[39f]"></a>dir_register</STRONG> (Thumb, 408 bytes, Stack size 56 bytes, ff.o(i.dir_register))
<BR><BR>[Stack]<UL><LI>Max Depth = 288<LI>Call Chain = dir_register &rArr; dir_find &rArr; dir_next &rArr; create_chain &rArr; put_fat &rArr; move_window &rArr; disk_write &rArr; MSD_WriteMultipleBlock &rArr; _send_command &rArr; _spi_read_write
</UL>
<BR>[Calls]<UL><LI><a href="#[3a1]">&gt;&gt;</a>&nbsp;&nbsp;&nbsp;gen_numname
<LI><a href="#[399]">&gt;&gt;</a>&nbsp;&nbsp;&nbsp;sum_sfn
<LI><a href="#[398]">&gt;&gt;</a>&nbsp;&nbsp;&nbsp;move_window
<LI><a href="#[395]">&gt;&gt;</a>&nbsp;&nbsp;&nbsp;mem_set
<LI><a href="#[3a0]">&gt;&gt;</a>&nbsp;&nbsp;&nbsp;mem_cpy
<LI><a href="#[3a2]">&gt;&gt;</a>&nbsp;&nbsp;&nbsp;fit_lfn
<LI><a href="#[397]">&gt;&gt;</a>&nbsp;&nbsp;&nbsp;dir_sdi
<LI><a href="#[39b]">&gt;&gt;</a>&nbsp;&nbsp;&nbsp;dir_next
<LI><a href="#[396]">&gt;&gt;</a>&nbsp;&nbsp;&nbsp;dir_find
</UL>
<BR>[Called By]<UL><LI><a href="#[2f2]">&gt;&gt;</a>&nbsp;&nbsp;&nbsp;f_rename
<LI><a href="#[252]">&gt;&gt;</a>&nbsp;&nbsp;&nbsp;f_open
<LI><a href="#[250]">&gt;&gt;</a>&nbsp;&nbsp;&nbsp;f_mkdir
</UL>

<P><STRONG><a name="[3a3]"></a>dir_remove</STRONG> (Thumb, 96 bytes, Stack size 16 bytes, ff.o(i.dir_remove))
<BR><BR>[Stack]<UL><LI>Max Depth = 216<LI>Call Chain = dir_remove &rArr; dir_next &rArr; create_chain &rArr; put_fat &rArr; move_window &rArr; disk_write &rArr; MSD_WriteMultipleBlock &rArr; _send_command &rArr; _spi_read_write
</UL>
<BR>[Calls]<UL><LI><a href="#[398]">&gt;&gt;</a>&nbsp;&nbsp;&nbsp;move_window
<LI><a href="#[397]">&gt;&gt;</a>&nbsp;&nbsp;&nbsp;dir_sdi
<LI><a href="#[39b]">&gt;&gt;</a>&nbsp;&nbsp;&nbsp;dir_next
</UL>
<BR>[Called By]<UL><LI><a href="#[2f3]">&gt;&gt;</a>&nbsp;&nbsp;&nbsp;f_unlink
<LI><a href="#[2f2]">&gt;&gt;</a>&nbsp;&nbsp;&nbsp;f_rename
</UL>

<P><STRONG><a name="[397]"></a>dir_sdi</STRONG> (Thumb, 156 bytes, Stack size 24 bytes, ff.o(i.dir_sdi))
<BR><BR>[Stack]<UL><LI>Max Depth = 160<LI>Call Chain = dir_sdi &rArr; get_fat &rArr; move_window &rArr; disk_write &rArr; MSD_WriteMultipleBlock &rArr; _send_command &rArr; _spi_read_write
</UL>
<BR>[Calls]<UL><LI><a href="#[390]">&gt;&gt;</a>&nbsp;&nbsp;&nbsp;get_fat
<LI><a href="#[39c]">&gt;&gt;</a>&nbsp;&nbsp;&nbsp;clust2sect
</UL>
<BR>[Called By]<UL><LI><a href="#[2f3]">&gt;&gt;</a>&nbsp;&nbsp;&nbsp;f_unlink
<LI><a href="#[2f1]">&gt;&gt;</a>&nbsp;&nbsp;&nbsp;f_readdir
<LI><a href="#[2f0]">&gt;&gt;</a>&nbsp;&nbsp;&nbsp;f_opendir
<LI><a href="#[2ef]">&gt;&gt;</a>&nbsp;&nbsp;&nbsp;f_getcwd
<LI><a href="#[3a7]">&gt;&gt;</a>&nbsp;&nbsp;&nbsp;follow_path
<LI><a href="#[3a3]">&gt;&gt;</a>&nbsp;&nbsp;&nbsp;dir_remove
<LI><a href="#[39f]">&gt;&gt;</a>&nbsp;&nbsp;&nbsp;dir_register
<LI><a href="#[396]">&gt;&gt;</a>&nbsp;&nbsp;&nbsp;dir_find
</UL>

<P><STRONG><a name="[3a2]"></a>fit_lfn</STRONG> (Thumb, 122 bytes, Stack size 20 bytes, ff.o(i.fit_lfn))
<BR><BR>[Stack]<UL><LI>Max Depth = 20<LI>Call Chain = fit_lfn
</UL>
<BR>[Called By]<UL><LI><a href="#[39f]">&gt;&gt;</a>&nbsp;&nbsp;&nbsp;dir_register
</UL>

<P><STRONG><a name="[3a7]"></a>follow_path</STRONG> (Thumb, 174 bytes, Stack size 32 bytes, ff.o(i.follow_path))
<BR><BR>[Stack]<UL><LI>Max Depth = 264<LI>Call Chain = follow_path &rArr; dir_find &rArr; dir_next &rArr; create_chain &rArr; put_fat &rArr; move_window &rArr; disk_write &rArr; MSD_WriteMultipleBlock &rArr; _send_command &rArr; _spi_read_write
</UL>
<BR>[Calls]<UL><LI><a href="#[3a8]">&gt;&gt;</a>&nbsp;&nbsp;&nbsp;ld_clust
<LI><a href="#[397]">&gt;&gt;</a>&nbsp;&nbsp;&nbsp;dir_sdi
<LI><a href="#[396]">&gt;&gt;</a>&nbsp;&nbsp;&nbsp;dir_find
<LI><a href="#[392]">&gt;&gt;</a>&nbsp;&nbsp;&nbsp;create_name
</UL>
<BR>[Called By]<UL><LI><a href="#[2f3]">&gt;&gt;</a>&nbsp;&nbsp;&nbsp;f_unlink
<LI><a href="#[2f2]">&gt;&gt;</a>&nbsp;&nbsp;&nbsp;f_rename
<LI><a href="#[2f0]">&gt;&gt;</a>&nbsp;&nbsp;&nbsp;f_opendir
<LI><a href="#[252]">&gt;&gt;</a>&nbsp;&nbsp;&nbsp;f_open
<LI><a href="#[250]">&gt;&gt;</a>&nbsp;&nbsp;&nbsp;f_mkdir
<LI><a href="#[2ee]">&gt;&gt;</a>&nbsp;&nbsp;&nbsp;f_chdir
</UL>

<P><STRONG><a name="[3a9]"></a>get_fileinfo</STRONG> (Thumb, 296 bytes, Stack size 48 bytes, ff.o(i.get_fileinfo))
<BR><BR>[Stack]<UL><LI>Max Depth = 56<LI>Call Chain = get_fileinfo &rArr; ff_convert
</UL>
<BR>[Calls]<UL><LI><a href="#[393]">&gt;&gt;</a>&nbsp;&nbsp;&nbsp;ff_convert
</UL>
<BR>[Called By]<UL><LI><a href="#[2f1]">&gt;&gt;</a>&nbsp;&nbsp;&nbsp;f_readdir
<LI><a href="#[2ef]">&gt;&gt;</a>&nbsp;&nbsp;&nbsp;f_getcwd
</UL>

<P><STRONG><a name="[3a8]"></a>ld_clust</STRONG> (Thumb, 32 bytes, Stack size 8 bytes, ff.o(i.ld_clust))
<BR><BR>[Stack]<UL><LI>Max Depth = 8<LI>Call Chain = ld_clust
</UL>
<BR>[Called By]<UL><LI><a href="#[2f3]">&gt;&gt;</a>&nbsp;&nbsp;&nbsp;f_unlink
<LI><a href="#[2f2]">&gt;&gt;</a>&nbsp;&nbsp;&nbsp;f_rename
<LI><a href="#[2f0]">&gt;&gt;</a>&nbsp;&nbsp;&nbsp;f_opendir
<LI><a href="#[252]">&gt;&gt;</a>&nbsp;&nbsp;&nbsp;f_open
<LI><a href="#[2ef]">&gt;&gt;</a>&nbsp;&nbsp;&nbsp;f_getcwd
<LI><a href="#[2ee]">&gt;&gt;</a>&nbsp;&nbsp;&nbsp;f_chdir
<LI><a href="#[3a7]">&gt;&gt;</a>&nbsp;&nbsp;&nbsp;follow_path
</UL>

<P><STRONG><a name="[39a]"></a>mem_cmp</STRONG> (Thumb, 38 bytes, Stack size 20 bytes, ff.o(i.mem_cmp))
<BR><BR>[Stack]<UL><LI>Max Depth = 20<LI>Call Chain = mem_cmp
</UL>
<BR>[Called By]<UL><LI><a href="#[396]">&gt;&gt;</a>&nbsp;&nbsp;&nbsp;dir_find
</UL>

<P><STRONG><a name="[3a0]"></a>mem_cpy</STRONG> (Thumb, 26 bytes, Stack size 16 bytes, ff.o(i.mem_cpy))
<BR><BR>[Stack]<UL><LI>Max Depth = 16<LI>Call Chain = mem_cpy
</UL>
<BR>[Called By]<UL><LI><a href="#[2b5]">&gt;&gt;</a>&nbsp;&nbsp;&nbsp;f_write
<LI><a href="#[2f3]">&gt;&gt;</a>&nbsp;&nbsp;&nbsp;f_unlink
<LI><a href="#[2f2]">&gt;&gt;</a>&nbsp;&nbsp;&nbsp;f_rename
<LI><a href="#[2b4]">&gt;&gt;</a>&nbsp;&nbsp;&nbsp;f_read
<LI><a href="#[3af]">&gt;&gt;</a>&nbsp;&nbsp;&nbsp;f_mkfs
<LI><a href="#[250]">&gt;&gt;</a>&nbsp;&nbsp;&nbsp;f_mkdir
<LI><a href="#[3a1]">&gt;&gt;</a>&nbsp;&nbsp;&nbsp;gen_numname
<LI><a href="#[39f]">&gt;&gt;</a>&nbsp;&nbsp;&nbsp;dir_register
</UL>

<P><STRONG><a name="[395]"></a>mem_set</STRONG> (Thumb, 20 bytes, Stack size 12 bytes, ff.o(i.mem_set))
<BR><BR>[Stack]<UL><LI>Max Depth = 12<LI>Call Chain = mem_set
</UL>
<BR>[Called By]<UL><LI><a href="#[3af]">&gt;&gt;</a>&nbsp;&nbsp;&nbsp;f_mkfs
<LI><a href="#[250]">&gt;&gt;</a>&nbsp;&nbsp;&nbsp;f_mkdir
<LI><a href="#[3ae]">&gt;&gt;</a>&nbsp;&nbsp;&nbsp;sync
<LI><a href="#[39f]">&gt;&gt;</a>&nbsp;&nbsp;&nbsp;dir_register
<LI><a href="#[39b]">&gt;&gt;</a>&nbsp;&nbsp;&nbsp;dir_next
<LI><a href="#[392]">&gt;&gt;</a>&nbsp;&nbsp;&nbsp;create_name
</UL>

<P><STRONG><a name="[398]"></a>move_window</STRONG> (Thumb, 114 bytes, Stack size 24 bytes, ff.o(i.move_window))
<BR><BR>[Stack]<UL><LI>Max Depth = 112<LI>Call Chain = move_window &rArr; disk_write &rArr; MSD_WriteMultipleBlock &rArr; _send_command &rArr; _spi_read_write
</UL>
<BR>[Calls]<UL><LI><a href="#[3a5]">&gt;&gt;</a>&nbsp;&nbsp;&nbsp;disk_write
<LI><a href="#[389]">&gt;&gt;</a>&nbsp;&nbsp;&nbsp;disk_read
</UL>
<BR>[Called By]<UL><LI><a href="#[2ed]">&gt;&gt;</a>&nbsp;&nbsp;&nbsp;f_sync
<LI><a href="#[2f2]">&gt;&gt;</a>&nbsp;&nbsp;&nbsp;f_rename
<LI><a href="#[252]">&gt;&gt;</a>&nbsp;&nbsp;&nbsp;f_open
<LI><a href="#[250]">&gt;&gt;</a>&nbsp;&nbsp;&nbsp;f_mkdir
<LI><a href="#[391]">&gt;&gt;</a>&nbsp;&nbsp;&nbsp;put_fat
<LI><a href="#[390]">&gt;&gt;</a>&nbsp;&nbsp;&nbsp;get_fat
<LI><a href="#[3ae]">&gt;&gt;</a>&nbsp;&nbsp;&nbsp;sync
<LI><a href="#[3a3]">&gt;&gt;</a>&nbsp;&nbsp;&nbsp;dir_remove
<LI><a href="#[39f]">&gt;&gt;</a>&nbsp;&nbsp;&nbsp;dir_register
<LI><a href="#[39d]">&gt;&gt;</a>&nbsp;&nbsp;&nbsp;dir_read
<LI><a href="#[39b]">&gt;&gt;</a>&nbsp;&nbsp;&nbsp;dir_next
<LI><a href="#[396]">&gt;&gt;</a>&nbsp;&nbsp;&nbsp;dir_find
</UL>

<P><STRONG><a name="[39e]"></a>pick_lfn</STRONG> (Thumb, 112 bytes, Stack size 20 bytes, ff.o(i.pick_lfn))
<BR><BR>[Stack]<UL><LI>Max Depth = 20<LI>Call Chain = pick_lfn
</UL>
<BR>[Called By]<UL><LI><a href="#[39d]">&gt;&gt;</a>&nbsp;&nbsp;&nbsp;dir_read
</UL>

<P><STRONG><a name="[3ad]"></a>remove_chain</STRONG> (Thumb, 104 bytes, Stack size 24 bytes, ff.o(i.remove_chain))
<BR><BR>[Stack]<UL><LI>Max Depth = 168<LI>Call Chain = remove_chain &rArr; put_fat &rArr; move_window &rArr; disk_write &rArr; MSD_WriteMultipleBlock &rArr; _send_command &rArr; _spi_read_write
</UL>
<BR>[Calls]<UL><LI><a href="#[391]">&gt;&gt;</a>&nbsp;&nbsp;&nbsp;put_fat
<LI><a href="#[390]">&gt;&gt;</a>&nbsp;&nbsp;&nbsp;get_fat
</UL>
<BR>[Called By]<UL><LI><a href="#[2f3]">&gt;&gt;</a>&nbsp;&nbsp;&nbsp;f_unlink
<LI><a href="#[252]">&gt;&gt;</a>&nbsp;&nbsp;&nbsp;f_open
<LI><a href="#[250]">&gt;&gt;</a>&nbsp;&nbsp;&nbsp;f_mkdir
</UL>

<P><STRONG><a name="[3ac]"></a>st_clust</STRONG> (Thumb, 16 bytes, Stack size 0 bytes, ff.o(i.st_clust))
<BR><BR>[Called By]<UL><LI><a href="#[2ed]">&gt;&gt;</a>&nbsp;&nbsp;&nbsp;f_sync
<LI><a href="#[2f2]">&gt;&gt;</a>&nbsp;&nbsp;&nbsp;f_rename
<LI><a href="#[252]">&gt;&gt;</a>&nbsp;&nbsp;&nbsp;f_open
<LI><a href="#[250]">&gt;&gt;</a>&nbsp;&nbsp;&nbsp;f_mkdir
</UL>

<P><STRONG><a name="[399]"></a>sum_sfn</STRONG> (Thumb, 32 bytes, Stack size 12 bytes, ff.o(i.sum_sfn))
<BR><BR>[Stack]<UL><LI>Max Depth = 12<LI>Call Chain = sum_sfn
</UL>
<BR>[Called By]<UL><LI><a href="#[39f]">&gt;&gt;</a>&nbsp;&nbsp;&nbsp;dir_register
<LI><a href="#[39d]">&gt;&gt;</a>&nbsp;&nbsp;&nbsp;dir_read
<LI><a href="#[396]">&gt;&gt;</a>&nbsp;&nbsp;&nbsp;dir_find
</UL>

<P><STRONG><a name="[3ae]"></a>sync</STRONG> (Thumb, 200 bytes, Stack size 16 bytes, ff.o(i.sync))
<BR><BR>[Stack]<UL><LI>Max Depth = 128<LI>Call Chain = sync &rArr; move_window &rArr; disk_write &rArr; MSD_WriteMultipleBlock &rArr; _send_command &rArr; _spi_read_write
</UL>
<BR>[Calls]<UL><LI><a href="#[398]">&gt;&gt;</a>&nbsp;&nbsp;&nbsp;move_window
<LI><a href="#[395]">&gt;&gt;</a>&nbsp;&nbsp;&nbsp;mem_set
<LI><a href="#[3a5]">&gt;&gt;</a>&nbsp;&nbsp;&nbsp;disk_write
<LI><a href="#[3a4]">&gt;&gt;</a>&nbsp;&nbsp;&nbsp;disk_ioctl
</UL>
<BR>[Called By]<UL><LI><a href="#[2f3]">&gt;&gt;</a>&nbsp;&nbsp;&nbsp;f_unlink
<LI><a href="#[2ed]">&gt;&gt;</a>&nbsp;&nbsp;&nbsp;f_sync
<LI><a href="#[2f2]">&gt;&gt;</a>&nbsp;&nbsp;&nbsp;f_rename
<LI><a href="#[250]">&gt;&gt;</a>&nbsp;&nbsp;&nbsp;f_mkdir
</UL>

<P><STRONG><a name="[3aa]"></a>validate</STRONG> (Thumb, 52 bytes, Stack size 16 bytes, ff.o(i.validate))
<BR><BR>[Stack]<UL><LI>Max Depth = 16<LI>Call Chain = validate
</UL>
<BR>[Calls]<UL><LI><a href="#[38b]">&gt;&gt;</a>&nbsp;&nbsp;&nbsp;disk_status
</UL>
<BR>[Called By]<UL><LI><a href="#[2b5]">&gt;&gt;</a>&nbsp;&nbsp;&nbsp;f_write
<LI><a href="#[2ed]">&gt;&gt;</a>&nbsp;&nbsp;&nbsp;f_sync
<LI><a href="#[2f1]">&gt;&gt;</a>&nbsp;&nbsp;&nbsp;f_readdir
<LI><a href="#[2b4]">&gt;&gt;</a>&nbsp;&nbsp;&nbsp;f_read
<LI><a href="#[2b3]">&gt;&gt;</a>&nbsp;&nbsp;&nbsp;f_lseek
</UL>

<P><STRONG><a name="[92]"></a>_printf_input_char</STRONG> (Thumb, 10 bytes, Stack size 0 bytes, _printf_char_common.o(.text))
<BR>[Address Reference Count : 1]<UL><LI> _printf_char_common.o(.text)
</UL>
<P><STRONG><a name="[3c6]"></a>_dadd1</STRONG> (Thumb, 0 bytes, Stack size unknown bytes, daddsub_clz.o(x$fpl$dadd), UNUSED)
<BR><BR>[Called By]<UL><LI><a href="#[3c7]">&gt;&gt;</a>&nbsp;&nbsp;&nbsp;_dsub
<LI><a href="#[3c5]">&gt;&gt;</a>&nbsp;&nbsp;&nbsp;_drsb
</UL>

<P><STRONG><a name="[3b9]"></a>_dsub1</STRONG> (Thumb, 0 bytes, Stack size unknown bytes, daddsub_clz.o(x$fpl$dsub), UNUSED)
<BR><BR>[Called By]<UL><LI><a href="#[3c5]">&gt;&gt;</a>&nbsp;&nbsp;&nbsp;_drsb
<LI><a href="#[3b8]">&gt;&gt;</a>&nbsp;&nbsp;&nbsp;_dadd
</UL>

<P><STRONG><a name="[129]"></a>_fp_digits</STRONG> (Thumb, 428 bytes, Stack size 96 bytes, _printf_fp_dec.o(.text))
<BR><BR>[Stack]<UL><LI>Max Depth = 216<LI>Call Chain = _fp_digits &rArr; _btod_etento &rArr; _btod_emul &rArr; _e2e
</UL>
<BR>[Calls]<UL><LI><a href="#[12d]">&gt;&gt;</a>&nbsp;&nbsp;&nbsp;_btod_emul
<LI><a href="#[12c]">&gt;&gt;</a>&nbsp;&nbsp;&nbsp;_btod_ediv
<LI><a href="#[12b]">&gt;&gt;</a>&nbsp;&nbsp;&nbsp;_btod_d2e
<LI><a href="#[12a]">&gt;&gt;</a>&nbsp;&nbsp;&nbsp;_btod_etento
<LI><a href="#[11e]">&gt;&gt;</a>&nbsp;&nbsp;&nbsp;_ll_udiv10
</UL>
<BR>[Called By]<UL><LI><a href="#[12e]">&gt;&gt;</a>&nbsp;&nbsp;&nbsp;_printf_fp_dec_real
</UL>

<P><STRONG><a name="[94]"></a>__default_terminate_handler()</STRONG> (Thumb, 4 bytes, Stack size 0 bytes, arm_exceptions_globs.o(.text))
<BR><BR>[Stack]<UL><LI>Max Depth = 40 + Unknown Stack Size
<LI>Call Chain = __default_terminate_handler() &rArr; abort &rArr; __rt_SIGABRT &rArr; __rt_SIGABRT_inner &rArr; __default_signal_display &rArr; _ttywrch
</UL>
<BR>[Calls]<UL><LI><a href="#[135]">&gt;&gt;</a>&nbsp;&nbsp;&nbsp;abort
</UL>
<BR>[Address Reference Count : 1]<UL><LI> arm_exceptions_globs.o(.text)
</UL><P>
<H3>
Undefined Global Symbols
</H3><HR></body></html>
